Archive member included to satisfy reference by file (symbol)

.build/obj_keychron_k8_pro_ansi_rgb_k8/i2c_master.a(i2c_master.o)
                              .build/obj_keychron_k8_pro_ansi_rgb_k8/quantum/rgb_matrix/rgb_matrix_drivers.o (i2c_init)
/opt/homebrew/Cellar/arm-none-eabi-gcc@8/8.5.0_2/lib/arm-none-eabi-gcc/8/gcc/arm-none-eabi/8.5.0/thumb/v7e-m+fp/hard/libgcc.a(_aeabi_ldivmod.o)
                              .build/obj_keychron_k8_pro_ansi_rgb_k8/bluetooth/ckbt51.o (__aeabi_ldivmod)
/opt/homebrew/Cellar/arm-none-eabi-gcc@8/8.5.0_2/lib/arm-none-eabi-gcc/8/gcc/arm-none-eabi/8.5.0/thumb/v7e-m+fp/hard/libgcc.a(_aeabi_uldivmod.o)
                              .build/obj_keychron_k8_pro_ansi_rgb_k8/bluetooth/ckbt51.o (__aeabi_uldivmod)
/opt/homebrew/Cellar/arm-none-eabi-gcc@8/8.5.0_2/lib/arm-none-eabi-gcc/8/gcc/arm-none-eabi/8.5.0/thumb/v7e-m+fp/hard/libgcc.a(_udivmoddi4.o)
                              /opt/homebrew/Cellar/arm-none-eabi-gcc@8/8.5.0_2/lib/arm-none-eabi-gcc/8/gcc/arm-none-eabi/8.5.0/thumb/v7e-m+fp/hard/libgcc.a(_aeabi_ldivmod.o) (__udivmoddi4)
/opt/homebrew/Cellar/arm-none-eabi-gcc@8/8.5.0_2/lib/arm-none-eabi-gcc/8/gcc/arm-none-eabi/8.5.0/thumb/v7e-m+fp/hard/libgcc.a(_dvmd_tls.o)
                              /opt/homebrew/Cellar/arm-none-eabi-gcc@8/8.5.0_2/lib/arm-none-eabi-gcc/8/gcc/arm-none-eabi/8.5.0/thumb/v7e-m+fp/hard/libgcc.a(_aeabi_ldivmod.o) (__aeabi_ldiv0)
/opt/homebrew/Cellar/arm-none-eabi-gcc@8/8.5.0_2/lib/arm-none-eabi-gcc/8/gcc/arm-none-eabi/8.5.0/../../../../../../arm-none-eabi/lib/thumb/v7e-m+fp/hard/libg_nano.a(lib_a-abort.o)
                              .build/obj_keychron_k8_pro_ansi_rgb/lib/chibios/os/various/syscalls.o (abort)
/opt/homebrew/Cellar/arm-none-eabi-gcc@8/8.5.0_2/lib/arm-none-eabi-gcc/8/gcc/arm-none-eabi/8.5.0/../../../../../../arm-none-eabi/lib/thumb/v7e-m+fp/hard/libg_nano.a(lib_a-ctype_.o)
                              .build/obj_keychron_k8_pro_ansi_rgb_k8/quantum/send_string/send_string.o (_ctype_)
/opt/homebrew/Cellar/arm-none-eabi-gcc@8/8.5.0_2/lib/arm-none-eabi-gcc/8/gcc/arm-none-eabi/8.5.0/../../../../../../arm-none-eabi/lib/thumb/v7e-m+fp/hard/libg_nano.a(lib_a-errno.o)
                              .build/obj_keychron_k8_pro_ansi_rgb/platforms/chibios/syscall-fallbacks.o (__errno)
/opt/homebrew/Cellar/arm-none-eabi-gcc@8/8.5.0_2/lib/arm-none-eabi-gcc/8/gcc/arm-none-eabi/8.5.0/../../../../../../arm-none-eabi/lib/thumb/v7e-m+fp/hard/libg_nano.a(lib_a-impure.o)
                              /opt/homebrew/Cellar/arm-none-eabi-gcc@8/8.5.0_2/lib/arm-none-eabi-gcc/8/gcc/arm-none-eabi/8.5.0/../../../../../../arm-none-eabi/lib/thumb/v7e-m+fp/hard/libg_nano.a(lib_a-errno.o) (_impure_ptr)
/opt/homebrew/Cellar/arm-none-eabi-gcc@8/8.5.0_2/lib/arm-none-eabi-gcc/8/gcc/arm-none-eabi/8.5.0/../../../../../../arm-none-eabi/lib/thumb/v7e-m+fp/hard/libg_nano.a(lib_a-memcmp.o)
                              .build/obj_keychron_k8_pro_ansi_rgb_k8/matrix.o (memcmp)
/opt/homebrew/Cellar/arm-none-eabi-gcc@8/8.5.0_2/lib/arm-none-eabi-gcc/8/gcc/arm-none-eabi/8.5.0/../../../../../../arm-none-eabi/lib/thumb/v7e-m+fp/hard/libg_nano.a(lib_a-memcpy.o)
                              .build/obj_keychron_k8_pro_ansi_rgb_k8/matrix.o (memcpy)
/opt/homebrew/Cellar/arm-none-eabi-gcc@8/8.5.0_2/lib/arm-none-eabi-gcc/8/gcc/arm-none-eabi/8.5.0/../../../../../../arm-none-eabi/lib/thumb/v7e-m+fp/hard/libg_nano.a(lib_a-memset.o)
                              .build/obj_keychron_k8_pro_ansi_rgb_k8/matrix.o (memset)
/opt/homebrew/Cellar/arm-none-eabi-gcc@8/8.5.0_2/lib/arm-none-eabi-gcc/8/gcc/arm-none-eabi/8.5.0/../../../../../../arm-none-eabi/lib/thumb/v7e-m+fp/hard/libg_nano.a(lib_a-rand.o)
                              .build/obj_keychron_k8_pro_ansi_rgb_k8/quantum/rgb_matrix/rgb_matrix.o (rand)
/opt/homebrew/Cellar/arm-none-eabi-gcc@8/8.5.0_2/lib/arm-none-eabi-gcc/8/gcc/arm-none-eabi/8.5.0/../../../../../../arm-none-eabi/lib/thumb/v7e-m+fp/hard/libg_nano.a(lib_a-signal.o)
                              /opt/homebrew/Cellar/arm-none-eabi-gcc@8/8.5.0_2/lib/arm-none-eabi-gcc/8/gcc/arm-none-eabi/8.5.0/../../../../../../arm-none-eabi/lib/thumb/v7e-m+fp/hard/libg_nano.a(lib_a-abort.o) (raise)
/opt/homebrew/Cellar/arm-none-eabi-gcc@8/8.5.0_2/lib/arm-none-eabi-gcc/8/gcc/arm-none-eabi/8.5.0/../../../../../../arm-none-eabi/lib/thumb/v7e-m+fp/hard/libg_nano.a(lib_a-signalr.o)
                              /opt/homebrew/Cellar/arm-none-eabi-gcc@8/8.5.0_2/lib/arm-none-eabi-gcc/8/gcc/arm-none-eabi/8.5.0/../../../../../../arm-none-eabi/lib/thumb/v7e-m+fp/hard/libg_nano.a(lib_a-signal.o) (_kill_r)
/opt/homebrew/Cellar/arm-none-eabi-gcc@8/8.5.0_2/lib/arm-none-eabi-gcc/8/gcc/arm-none-eabi/8.5.0/../../../../../../arm-none-eabi/lib/thumb/v7e-m+fp/hard/libg_nano.a(lib_a-strlen.o)
                              .build/obj_keychron_k8_pro_ansi_rgb_k8/bluetooth/ckbt51.o (strlen)
[...]
Memory Configuration

Name             Origin             Length             Attributes
flash0           0x08000000         0x00040000         xr
flash1           0x00000000         0x00000000         xr
flash2           0x00000000         0x00000000         xr
flash3           0x00000000         0x00000000         xr
flash4           0x00000000         0x00000000         xr
flash5           0x00000000         0x00000000         xr
flash6           0x00000000         0x00000000         xr
flash7           0x00000000         0x00000000         xr
ram0             0x20000000         0x00010000         xw
ram1             0x00000000         0x00000000         xw
ram2             0x00000000         0x00000000         xw
ram3             0x00000000         0x00000000         xw
ram4             0x00000000         0x00000000         xw
ram5             0x00000000         0x00000000         xw
ram6             0x00000000         0x00000000         xw
ram7             0x00000000         0x00000000         xw
*default*        0x00000000         0xffffffff

Linker script and memory map

LOAD .build/obj_keychron_k8_pro_ansi_rgb_k8/matrix.o
LOAD .build/obj_keychron_k8_pro_ansi_rgb_k8/bluetooth/bluetooth.o
LOAD .build/obj_keychron_k8_pro_ansi_rgb_k8/bluetooth/report_buffer.o
LOAD .build/obj_keychron_k8_pro_ansi_rgb_k8/bluetooth/ckbt51.o
LOAD .build/obj_keychron_k8_pro_ansi_rgb_k8/bluetooth/indicator.o
LOAD .build/obj_keychron_k8_pro_ansi_rgb_k8/bluetooth/bluetooth_main.o
LOAD .build/obj_keychron_k8_pro_ansi_rgb_k8/bluetooth/transport.o
LOAD .build/obj_keychron_k8_pro_ansi_rgb_k8/bluetooth/lpm.o
LOAD .build/obj_keychron_k8_pro_ansi_rgb_k8/bluetooth/lpm_stm32l432.o
LOAD .build/obj_keychron_k8_pro_ansi_rgb_k8/bluetooth/battery.o
LOAD .build/obj_keychron_k8_pro_ansi_rgb_k8/bluetooth/factory_test.o
LOAD .build/obj_keychron_k8_pro_ansi_rgb_k8/bluetooth/bat_level_animation.o
LOAD .build/obj_keychron_k8_pro_ansi_rgb_k8/bluetooth/rtc_timer.o
LOAD .build/obj_keychron_k8_pro_ansi_rgb_k8/keyboards/keychron/k8_pro/k8_pro.o
LOAD .build/obj_keychron_k8_pro_ansi_rgb_k8/keyboards/keychron/k8_pro/ansi/rgb/rgb.o
LOAD .build/obj_keychron_k8_pro_ansi_rgb_k8/.build/obj_keychron_k8_pro_ansi_rgb/src/default_keyboard.o
LOAD .build/obj_keychron_k8_pro_ansi_rgb_k8/quantum/keymap_introspection.o
LOAD .build/obj_keychron_k8_pro_ansi_rgb_k8/quantum/quantum.o
LOAD .build/obj_keychron_k8_pro_ansi_rgb_k8/quantum/bitwise.o
LOAD .build/obj_keychron_k8_pro_ansi_rgb_k8/quantum/led.o
LOAD .build/obj_keychron_k8_pro_ansi_rgb_k8/quantum/action.o
LOAD .build/obj_keychron_k8_pro_ansi_rgb_k8/quantum/action_layer.o
LOAD .build/obj_keychron_k8_pro_ansi_rgb_k8/quantum/action_tapping.o
LOAD .build/obj_keychron_k8_pro_ansi_rgb_k8/quantum/action_util.o
LOAD .build/obj_keychron_k8_pro_ansi_rgb_k8/quantum/eeconfig.o
LOAD .build/obj_keychron_k8_pro_ansi_rgb_k8/quantum/keyboard.o
LOAD .build/obj_keychron_k8_pro_ansi_rgb_k8/quantum/keymap_common.o
LOAD .build/obj_keychron_k8_pro_ansi_rgb_k8/quantum/keycode_config.o
LOAD .build/obj_keychron_k8_pro_ansi_rgb_k8/quantum/sync_timer.o
LOAD .build/obj_keychron_k8_pro_ansi_rgb_k8/quantum/logging/debug.o
LOAD .build/obj_keychron_k8_pro_ansi_rgb_k8/quantum/logging/sendchar.o
LOAD .build/obj_keychron_k8_pro_ansi_rgb_k8/quantum/logging/print.o
LOAD .build/obj_keychron_k8_pro_ansi_rgb_k8/quantum/bootmagic/bootmagic_lite.o
LOAD .build/obj_keychron_k8_pro_ansi_rgb_k8/quantum/bootmagic/magic.o
LOAD .build/obj_keychron_k8_pro_ansi_rgb_k8/quantum/matrix_common.o
LOAD .build/obj_keychron_k8_pro_ansi_rgb_k8/quantum/debounce/sym_defer_g.o
LOAD .build/obj_keychron_k8_pro_ansi_rgb_k8/quantum/main.o
LOAD .build/obj_keychron_k8_pro_ansi_rgb_k8/printf.o
LOAD .build/obj_keychron_k8_pro_ansi_rgb_k8/quantum/mousekey.o
LOAD .build/obj_keychron_k8_pro_ansi_rgb_k8/eeprom_driver.o
LOAD .build/obj_keychron_k8_pro_ansi_rgb_k8/platforms/chibios/eeprom_stm32_l4.o
LOAD .build/obj_keychron_k8_pro_ansi_rgb_k8/platforms/chibios/flash_stm32.o
LOAD .build/obj_keychron_k8_pro_ansi_rgb_k8/quantum/color.o
LOAD .build/obj_keychron_k8_pro_ansi_rgb_k8/quantum/rgb_matrix/rgb_matrix.o
LOAD .build/obj_keychron_k8_pro_ansi_rgb_k8/quantum/rgb_matrix/rgb_matrix_drivers.o
LOAD .build/obj_keychron_k8_pro_ansi_rgb_k8/lib/lib8tion/lib8tion.o
LOAD .build/obj_keychron_k8_pro_ansi_rgb_k8/ckled2001.o
LOAD .build/obj_keychron_k8_pro_ansi_rgb_k8/quantum/process_keycode/process_rgb.o
LOAD .build/obj_keychron_k8_pro_ansi_rgb_k8/quantum/led_tables.o
LOAD .build/obj_keychron_k8_pro_ansi_rgb_k8/quantum/process_keycode/process_magic.o
LOAD .build/obj_keychron_k8_pro_ansi_rgb_k8/quantum/send_string/send_string.o
LOAD .build/obj_keychron_k8_pro_ansi_rgb_k8/quantum/dip_switch.o
LOAD .build/obj_keychron_k8_pro_ansi_rgb_k8/quantum/process_keycode/process_grave_esc.o
LOAD .build/obj_keychron_k8_pro_ansi_rgb_k8/quantum/process_keycode/process_space_cadet.o
LOAD .build/obj_keychron_k8_pro_ansi_rgb_k8/i2c_master.a
LOAD .build/obj_keychron_k8_pro_ansi_rgb_k8/./lib/chibios/os/common/startup/ARMCMx/compilers/GCC/crt0_v7m.o
LOAD .build/obj_keychron_k8_pro_ansi_rgb_k8/./lib/chibios/os/common/startup/ARMCMx/compilers/GCC/vectors.o
LOAD .build/obj_keychron_k8_pro_ansi_rgb_k8/./lib/chibios/os/common/ports/ARMv7-M/compilers/GCC/chcoreasm.o
LOAD .build/obj_keychron_k8_pro_ansi_rgb_k8/protocol/host.o
LOAD .build/obj_keychron_k8_pro_ansi_rgb_k8/protocol/report.o
LOAD .build/obj_keychron_k8_pro_ansi_rgb_k8/protocol/usb_device_state.o
LOAD .build/obj_keychron_k8_pro_ansi_rgb_k8/protocol/usb_util.o
LOAD .build/obj_keychron_k8_pro_ansi_rgb_k8/platforms/suspend.o
LOAD .build/obj_keychron_k8_pro_ansi_rgb_k8/platforms/synchronization_util.o
LOAD .build/obj_keychron_k8_pro_ansi_rgb_k8/platforms/timer.o
LOAD .build/obj_keychron_k8_pro_ansi_rgb_k8/platforms/chibios/hardware_id.o
LOAD .build/obj_keychron_k8_pro_ansi_rgb_k8/platforms/chibios/platform.o
LOAD .build/obj_keychron_k8_pro_ansi_rgb_k8/platforms/chibios/suspend.o
LOAD .build/obj_keychron_k8_pro_ansi_rgb_k8/platforms/chibios/timer.o
LOAD .build/obj_keychron_k8_pro_ansi_rgb_k8/platforms/chibios/bootloaders/stm32_dfu.o
LOAD .build/obj_keychron_k8_pro_ansi_rgb_k8/protocol/chibios/usb_main.o
LOAD .build/obj_keychron_k8_pro_ansi_rgb_k8/protocol/chibios/chibios.o
LOAD .build/obj_keychron_k8_pro_ansi_rgb_k8/usb_descriptor.o
LOAD .build/obj_keychron_k8_pro_ansi_rgb_k8/protocol/chibios/usb_driver.o
LOAD .build/obj_keychron_k8_pro_ansi_rgb_k8/protocol/chibios/usb_util.o
LOAD .build/obj_keychron_k8_pro_ansi_rgb_k8/./lib/chibios/os/oslib/src/chmboxes.o
LOAD .build/obj_keychron_k8_pro_ansi_rgb_k8/./lib/chibios/os/oslib/src/chmemcore.o
LOAD .build/obj_keychron_k8_pro_ansi_rgb_k8/./lib/chibios/os/oslib/src/chmemheaps.o
LOAD .build/obj_keychron_k8_pro_ansi_rgb_k8/./lib/chibios/os/oslib/src/chmempools.o
LOAD .build/obj_keychron_k8_pro_ansi_rgb_k8/./lib/chibios/os/oslib/src/chpipes.o
LOAD .build/obj_keychron_k8_pro_ansi_rgb_k8/./lib/chibios/os/oslib/src/chobjcaches.o
LOAD .build/obj_keychron_k8_pro_ansi_rgb_k8/./lib/chibios/os/oslib/src/chdelegates.o
LOAD .build/obj_keychron_k8_pro_ansi_rgb_k8/./lib/chibios/os/oslib/src/chfactory.o
LOAD .build/obj_keychron_k8_pro_ansi_rgb/lib/chibios/os/common/startup/ARMCMx/compilers/GCC/crt1.o
LOAD .build/obj_keychron_k8_pro_ansi_rgb/lib/chibios/os/rt/src/chsys.o
LOAD .build/obj_keychron_k8_pro_ansi_rgb/lib/chibios/os/rt/src/chrfcu.o
LOAD .build/obj_keychron_k8_pro_ansi_rgb/lib/chibios/os/rt/src/chdebug.o
LOAD .build/obj_keychron_k8_pro_ansi_rgb/lib/chibios/os/rt/src/chtrace.o
LOAD .build/obj_keychron_k8_pro_ansi_rgb/lib/chibios/os/rt/src/chvt.o
LOAD .build/obj_keychron_k8_pro_ansi_rgb/lib/chibios/os/rt/src/chschd.o
LOAD .build/obj_keychron_k8_pro_ansi_rgb/lib/chibios/os/rt/src/chinstances.o
LOAD .build/obj_keychron_k8_pro_ansi_rgb/lib/chibios/os/rt/src/chthreads.o
LOAD .build/obj_keychron_k8_pro_ansi_rgb/lib/chibios/os/rt/src/chtm.o
LOAD .build/obj_keychron_k8_pro_ansi_rgb/lib/chibios/os/rt/src/chstats.o
LOAD .build/obj_keychron_k8_pro_ansi_rgb/lib/chibios/os/rt/src/chregistry.o
LOAD .build/obj_keychron_k8_pro_ansi_rgb/lib/chibios/os/rt/src/chsem.o
LOAD .build/obj_keychron_k8_pro_ansi_rgb/lib/chibios/os/rt/src/chmtx.o
LOAD .build/obj_keychron_k8_pro_ansi_rgb/lib/chibios/os/rt/src/chcond.o
LOAD .build/obj_keychron_k8_pro_ansi_rgb/lib/chibios/os/rt/src/chevents.o
LOAD .build/obj_keychron_k8_pro_ansi_rgb/lib/chibios/os/rt/src/chmsg.o
LOAD .build/obj_keychron_k8_pro_ansi_rgb/lib/chibios/os/rt/src/chdynamic.o
LOAD .build/obj_keychron_k8_pro_ansi_rgb/lib/chibios/os/common/ports/ARMv7-M/chcore.o
LOAD .build/obj_keychron_k8_pro_ansi_rgb/lib/chibios/os/hal/osal/rt-nil/osal.o
LOAD .build/obj_keychron_k8_pro_ansi_rgb/lib/chibios/os/hal/src/hal.o
LOAD .build/obj_keychron_k8_pro_ansi_rgb/lib/chibios/os/hal/src/hal_st.o
LOAD .build/obj_keychron_k8_pro_ansi_rgb/lib/chibios/os/hal/src/hal_buffers.o
LOAD .build/obj_keychron_k8_pro_ansi_rgb/lib/chibios/os/hal/src/hal_queues.o
LOAD .build/obj_keychron_k8_pro_ansi_rgb/lib/chibios/os/hal/src/hal_flash.o
LOAD .build/obj_keychron_k8_pro_ansi_rgb/lib/chibios/os/hal/src/hal_mmcsd.o
LOAD .build/obj_keychron_k8_pro_ansi_rgb/lib/chibios/os/hal/src/hal_adc.o
LOAD .build/obj_keychron_k8_pro_ansi_rgb/lib/chibios/os/hal/src/hal_can.o
LOAD .build/obj_keychron_k8_pro_ansi_rgb/lib/chibios/os/hal/src/hal_crypto.o
LOAD .build/obj_keychron_k8_pro_ansi_rgb/lib/chibios/os/hal/src/hal_dac.o
LOAD .build/obj_keychron_k8_pro_ansi_rgb/lib/chibios/os/hal/src/hal_efl.o
LOAD .build/obj_keychron_k8_pro_ansi_rgb/lib/chibios/os/hal/src/hal_gpt.o
LOAD .build/obj_keychron_k8_pro_ansi_rgb/lib/chibios/os/hal/src/hal_i2c.o
LOAD .build/obj_keychron_k8_pro_ansi_rgb/lib/chibios/os/hal/src/hal_i2s.o
LOAD .build/obj_keychron_k8_pro_ansi_rgb/lib/chibios/os/hal/src/hal_icu.o
LOAD .build/obj_keychron_k8_pro_ansi_rgb/lib/chibios/os/hal/src/hal_mac.o
LOAD .build/obj_keychron_k8_pro_ansi_rgb/lib/chibios/os/hal/src/hal_mmc_spi.o
LOAD .build/obj_keychron_k8_pro_ansi_rgb/lib/chibios/os/hal/src/hal_pal.o
LOAD .build/obj_keychron_k8_pro_ansi_rgb/lib/chibios/os/hal/src/hal_pwm.o
LOAD .build/obj_keychron_k8_pro_ansi_rgb/lib/chibios/os/hal/src/hal_rtc.o
LOAD .build/obj_keychron_k8_pro_ansi_rgb/lib/chibios/os/hal/src/hal_sdc.o
LOAD .build/obj_keychron_k8_pro_ansi_rgb/lib/chibios/os/hal/src/hal_serial.o
LOAD .build/obj_keychron_k8_pro_ansi_rgb/lib/chibios/os/hal/src/hal_serial_usb.o
LOAD .build/obj_keychron_k8_pro_ansi_rgb/lib/chibios/os/hal/src/hal_sio.o
LOAD .build/obj_keychron_k8_pro_ansi_rgb/lib/chibios/os/hal/src/hal_spi.o
LOAD .build/obj_keychron_k8_pro_ansi_rgb/lib/chibios/os/hal/src/hal_trng.o
LOAD .build/obj_keychron_k8_pro_ansi_rgb/lib/chibios/os/hal/src/hal_uart.o
LOAD .build/obj_keychron_k8_pro_ansi_rgb/lib/chibios/os/hal/src/hal_usb.o
LOAD .build/obj_keychron_k8_pro_ansi_rgb/lib/chibios/os/hal/src/hal_wdg.o
LOAD .build/obj_keychron_k8_pro_ansi_rgb/lib/chibios/os/hal/src/hal_wspi.o
LOAD .build/obj_keychron_k8_pro_ansi_rgb/lib/chibios/os/hal/ports/common/ARMCMx/nvic.o
LOAD .build/obj_keychron_k8_pro_ansi_rgb/lib/chibios/os/hal/ports/STM32/STM32L4xx/stm32_isr.o
LOAD .build/obj_keychron_k8_pro_ansi_rgb/lib/chibios/os/hal/ports/STM32/STM32L4xx/hal_lld.o
LOAD .build/obj_keychron_k8_pro_ansi_rgb/lib/chibios/os/hal/ports/STM32/STM32L4xx/hal_efl_lld.o
LOAD .build/obj_keychron_k8_pro_ansi_rgb/lib/chibios/os/hal/ports/STM32/LLD/ADCv3/hal_adc_lld.o
LOAD .build/obj_keychron_k8_pro_ansi_rgb/lib/chibios/os/hal/ports/STM32/LLD/CANv1/hal_can_lld.o
LOAD .build/obj_keychron_k8_pro_ansi_rgb/lib/chibios/os/hal/ports/STM32/LLD/DACv1/hal_dac_lld.o
LOAD .build/obj_keychron_k8_pro_ansi_rgb/lib/chibios/os/hal/ports/STM32/LLD/DMAv1/stm32_dma.o
LOAD .build/obj_keychron_k8_pro_ansi_rgb/lib/chibios/os/hal/ports/STM32/LLD/EXTIv1/stm32_exti.o
LOAD .build/obj_keychron_k8_pro_ansi_rgb/lib/chibios/os/hal/ports/STM32/LLD/GPIOv3/hal_pal_lld.o
LOAD .build/obj_keychron_k8_pro_ansi_rgb/lib/chibios/os/hal/ports/STM32/LLD/I2Cv2/hal_i2c_lld.o
LOAD .build/obj_keychron_k8_pro_ansi_rgb/lib/chibios/os/hal/ports/STM32/LLD/QUADSPIv1/hal_wspi_lld.o
LOAD .build/obj_keychron_k8_pro_ansi_rgb/lib/chibios/os/hal/ports/STM32/LLD/RNGv1/hal_trng_lld.o
LOAD .build/obj_keychron_k8_pro_ansi_rgb/lib/chibios/os/hal/ports/STM32/LLD/RTCv2/hal_rtc_lld.o
LOAD .build/obj_keychron_k8_pro_ansi_rgb/lib/chibios/os/hal/ports/STM32/LLD/SDMMCv1/hal_sdc_lld.o
LOAD .build/obj_keychron_k8_pro_ansi_rgb/lib/chibios/os/hal/ports/STM32/LLD/SPIv2/hal_i2s_lld.o
LOAD .build/obj_keychron_k8_pro_ansi_rgb/lib/chibios/os/hal/ports/STM32/LLD/SPIv2/hal_spi_v2_lld.o
LOAD .build/obj_keychron_k8_pro_ansi_rgb/lib/chibios/os/hal/ports/STM32/LLD/SYSTICKv1/hal_st_lld.o
LOAD .build/obj_keychron_k8_pro_ansi_rgb/lib/chibios/os/hal/ports/STM32/LLD/TIMv1/hal_gpt_lld.o
LOAD .build/obj_keychron_k8_pro_ansi_rgb/lib/chibios/os/hal/ports/STM32/LLD/TIMv1/hal_icu_lld.o
LOAD .build/obj_keychron_k8_pro_ansi_rgb/lib/chibios/os/hal/ports/STM32/LLD/TIMv1/hal_pwm_lld.o
LOAD .build/obj_keychron_k8_pro_ansi_rgb/lib/chibios/os/hal/ports/STM32/LLD/USARTv2/hal_serial_lld.o
LOAD .build/obj_keychron_k8_pro_ansi_rgb/lib/chibios/os/hal/ports/STM32/LLD/USARTv2/hal_sio_lld.o
LOAD .build/obj_keychron_k8_pro_ansi_rgb/lib/chibios/os/hal/ports/STM32/LLD/USARTv2/hal_uart_lld.o
LOAD .build/obj_keychron_k8_pro_ansi_rgb/lib/chibios/os/hal/ports/STM32/LLD/USBv1/hal_usb_lld.o
LOAD .build/obj_keychron_k8_pro_ansi_rgb/lib/chibios/os/hal/ports/STM32/LLD/xWDGv1/hal_wdg_lld.o
LOAD .build/obj_keychron_k8_pro_ansi_rgb/lib/chibios/os/hal/boards/ST_NUCLEO32_L432KC/board.o
LOAD .build/obj_keychron_k8_pro_ansi_rgb/lib/chibios/os/hal/lib/streams/chprintf.o
LOAD .build/obj_keychron_k8_pro_ansi_rgb/lib/chibios/os/hal/lib/streams/chscanf.o
LOAD .build/obj_keychron_k8_pro_ansi_rgb/lib/chibios/os/hal/lib/streams/memstreams.o
LOAD .build/obj_keychron_k8_pro_ansi_rgb/lib/chibios/os/hal/lib/streams/nullstreams.o
LOAD .build/obj_keychron_k8_pro_ansi_rgb/lib/chibios/os/hal/lib/streams/bufstreams.o
LOAD .build/obj_keychron_k8_pro_ansi_rgb/lib/chibios/os/various/syscalls.o
LOAD .build/obj_keychron_k8_pro_ansi_rgb/platforms/chibios/syscall-fallbacks.o
LOAD .build/obj_keychron_k8_pro_ansi_rgb/platforms/chibios/wait.o
LOAD .build/obj_keychron_k8_pro_ansi_rgb/platforms/chibios/synchronization_util.o
                0x00000800                        __process_stack_size__ = 0x800
                0x00000400                        __main_stack_size__ = 0x400
LOAD /opt/homebrew/Cellar/arm-none-eabi-gcc@8/8.5.0_2/lib/arm-none-eabi-gcc/8/gcc/arm-none-eabi/8.5.0/../../../../../../arm-none-eabi/lib/thumb/v7e-m+fp/hard/libm.a
START GROUP
LOAD /opt/homebrew/Cellar/arm-none-eabi-gcc@8/8.5.0_2/lib/arm-none-eabi-gcc/8/gcc/arm-none-eabi/8.5.0/thumb/v7e-m+fp/hard/libgcc.a
LOAD /opt/homebrew/Cellar/arm-none-eabi-gcc@8/8.5.0_2/lib/arm-none-eabi-gcc/8/gcc/arm-none-eabi/8.5.0/../../../../../../arm-none-eabi/lib/thumb/v7e-m+fp/hard/libg_nano.a
LOAD /opt/homebrew/Cellar/arm-none-eabi-gcc@8/8.5.0_2/lib/arm-none-eabi-gcc/8/gcc/arm-none-eabi/8.5.0/../../../../../../arm-none-eabi/lib/thumb/v7e-m+fp/hard/libc_nano.a
END GROUP
START GROUP
LOAD /opt/homebrew/Cellar/arm-none-eabi-gcc@8/8.5.0_2/lib/arm-none-eabi-gcc/8/gcc/arm-none-eabi/8.5.0/thumb/v7e-m+fp/hard/libgcc.a
LOAD /opt/homebrew/Cellar/arm-none-eabi-gcc@8/8.5.0_2/lib/arm-none-eabi-gcc/8/gcc/arm-none-eabi/8.5.0/../../../../../../arm-none-eabi/lib/thumb/v7e-m+fp/hard/libc_nano.a
END GROUP

.mstack         0x20000000      0x400
                0x20000000                        . = ALIGN (0x8)
                0x20000000                        __main_stack_base__ = .
                0x20000400                        . = (. + __main_stack_size__)
 *fill*         0x20000000      0x400 
                0x20000400                        . = ALIGN (0x8)
                0x20000400                        __main_stack_end__ = .

.pstack         0x20000400      0x800
                0x20000400                        . = ALIGN (0x8)
                0x20000400                        __process_stack_base__ = .
                0x20000400                        __main_thread_stack_base__ = .
                0x20000c00                        . = (. + __process_stack_size__)
 *fill*         0x20000400      0x800 
                0x20000c00                        . = ALIGN (0x8)
                0x20000c00                        __process_stack_end__ = .
                0x20000c00                        __main_thread_stack_end__ = .

.vectors        0x08000000      0x1a0
                0x08000000                        __textvectors_base__ = LOADADDR (.vectors)
                0x08000000                        __vectors_base__ = .
 *(.vectors)
 .vectors       0x08000000      0x1a0 .build/obj_keychron_k8_pro_ansi_rgb_k8/./lib/chibios/os/common/startup/ARMCMx/compilers/GCC/vectors.o
                0x08000000                _vectors
                0x080001a0                        __vectors_end__ = .

.xtors          0x080001a0        0x0
                0x080001a0                        __init_array_base__ = .
 *(SORT_BY_NAME(.init_array.*))
 *(.init_array)
                0x080001a0                        __init_array_end__ = .
                0x080001a0                        __fini_array_base__ = .
 *(.fini_array)
 *(SORT_BY_NAME(.fini_array.*))
                0x080001a0                        __fini_array_end__ = .

.text           0x080001c0     0xd5b2
                0x080001c0                        __text_base__ = .
 *(.text)
 .text          0x080001c0      0x11c .build/obj_keychron_k8_pro_ansi_rgb_k8/./lib/chibios/os/common/startup/ARMCMx/compilers/GCC/crt0_v7m.o
                0x080001c0                _crt0_entry
 .text          0x080002dc        0x8 .build/obj_keychron_k8_pro_ansi_rgb_k8/./lib/chibios/os/common/startup/ARMCMx/compilers/GCC/vectors.o
                0x080002dc                Reset_Handler
                0x080002de                VectorAC
                0x080002de                DebugMon_Handler
                0x080002de                Vector11C
                0x080002de                HardFault_Handler
                0x080002de                Vector19C
                0x080002de                Vector8C
                0x080002de                SysTick_Handler
                0x080002de                VectorDC
                0x080002de                PendSV_Handler
                0x080002de                Vector168
                0x080002de                Vector110
                0x080002de                VectorC8
                0x080002de                Vector94
                0x080002de                VectorA8
                0x080002de                VectorB4
                0x080002de                Vector160
                0x080002de                UsageFault_Handler
                0x080002de                VectorEC
                0x080002de                Vector40
                0x080002de                VectorF8
                0x080002de                Vector108
                0x080002de                Vector190
                0x080002de                Vector148
                0x080002de                Vector188
                0x080002de                Vector198
                0x080002de                Vector118
                0x080002de                VectorCC
                0x080002de                Vector54
                0x080002de                Vector98
                0x080002de                Vector138
                0x080002de                Vector24
                0x080002de                Vector178
                0x080002de                SecureFault_Handler
                0x080002de                VectorD0
                0x080002de                Vector140
                0x080002de                Vector158
                0x080002de                Vector134
                0x080002de                VectorF0
                0x080002de                Vector13C
                0x080002de                Vector100
                0x080002de                VectorF4
                0x080002de                MemManage_Handler
                0x080002de                VectorA0
                0x080002de                VectorC4
                0x080002de                Vector180
                0x080002de                Vector90
                0x080002de                Vector114
                0x080002de                Vector164
                0x080002de                Vector17C
                0x080002de                Vector16C
                0x080002de                VectorD4
                0x080002de                Vector144
                0x080002de                Vector15C
                0x080002de                Vector174
                0x080002de                VectorE8
                0x080002de                Vector170
                0x080002de                Vector88
                0x080002de                Vector104
                0x080002de                Vector184
                0x080002de                Vector10C
                0x080002de                BusFault_Handler
                0x080002de                Vector50
                0x080002de                Vector194
                0x080002de                Vector44
                0x080002de                Vector28
                0x080002de                VectorB8
                0x080002de                VectorFC
                0x080002de                Vector34
                0x080002de                VectorA4
                0x080002de                Vector20
                0x080002de                Vector18C
                0x080002e2                _unhandled_exception
 .text          0x080002e4       0x32 .build/obj_keychron_k8_pro_ansi_rgb_k8/./lib/chibios/os/common/ports/ARMv7-M/compilers/GCC/chcoreasm.o
                0x080002e4                __port_switch
                0x080002fc                __port_thread_start
                0x0800030e                __port_switch_from_isr
                0x08000312                __port_exit_from_isr
 *fill*         0x08000316        0x2 
 .text          0x08000318       0x30 /opt/homebrew/Cellar/arm-none-eabi-gcc@8/8.5.0_2/lib/arm-none-eabi-gcc/8/gcc/arm-none-eabi/8.5.0/thumb/v7e-m+fp/hard/libgcc.a(_aeabi_uldivmod.o)
                0x08000318                __aeabi_uldivmod
 .text          0x08000348      0x2d0 /opt/homebrew/Cellar/arm-none-eabi-gcc@8/8.5.0_2/lib/arm-none-eabi-gcc/8/gcc/arm-none-eabi/8.5.0/thumb/v7e-m+fp/hard/libgcc.a(_udivmoddi4.o)
                0x08000348                __udivmoddi4
 .text          0x08000618        0x4 /opt/homebrew/Cellar/arm-none-eabi-gcc@8/8.5.0_2/lib/arm-none-eabi-gcc/8/gcc/arm-none-eabi/8.5.0/thumb/v7e-m+fp/hard/libgcc.a(_dvmd_tls.o)
                0x08000618                __aeabi_ldiv0
                0x08000618                __aeabi_idiv0
 .text          0x0800061c       0x10 /opt/homebrew/Cellar/arm-none-eabi-gcc@8/8.5.0_2/lib/arm-none-eabi-gcc/8/gcc/arm-none-eabi/8.5.0/../../../../../../arm-none-eabi/lib/thumb/v7e-m+fp/hard/libg_nano.a(lib_a-abort.o)
                0x0800061c                abort
 .text          0x0800062c       0x60 /opt/homebrew/Cellar/arm-none-eabi-gcc@8/8.5.0_2/lib/arm-none-eabi-gcc/8/gcc/arm-none-eabi/8.5.0/../../../../../../arm-none-eabi/lib/thumb/v7e-m+fp/hard/libg_nano.a(lib_a-memcmp.o)
                0x0800062c                memcmp
 .text          0x0800068c      0x134 /opt/homebrew/Cellar/arm-none-eabi-gcc@8/8.5.0_2/lib/arm-none-eabi-gcc/8/gcc/arm-none-eabi/8.5.0/../../../../../../arm-none-eabi/lib/thumb/v7e-m+fp/hard/libg_nano.a(lib_a-memcpy.o)
                0x0800068c                memcpy
 .text          0x080007c0       0xa0 /opt/homebrew/Cellar/arm-none-eabi-gcc@8/8.5.0_2/lib/arm-none-eabi-gcc/8/gcc/arm-none-eabi/8.5.0/../../../../../../arm-none-eabi/lib/thumb/v7e-m+fp/hard/libg_nano.a(lib_a-memset.o)
                0x080007c0                memset
 .text          0x08000860       0xf4 /opt/homebrew/Cellar/arm-none-eabi-gcc@8/8.5.0_2/lib/arm-none-eabi-gcc/8/gcc/arm-none-eabi/8.5.0/../../../../../../arm-none-eabi/lib/thumb/v7e-m+fp/hard/libg_nano.a(lib_a-rand.o)
                0x08000860                srand
                0x080008c4                rand
 .text          0x08000954      0x150 /opt/homebrew/Cellar/arm-none-eabi-gcc@8/8.5.0_2/lib/arm-none-eabi-gcc/8/gcc/arm-none-eabi/8.5.0/../../../../../../arm-none-eabi/lib/thumb/v7e-m+fp/hard/libg_nano.a(lib_a-signal.o)
                0x0800097c                _init_signal_r
                0x08000988                _signal_r
                0x080009bc                _raise_r
                0x08000a10                __sigtramp_r
                0x08000a60                raise
                0x08000a70                signal
                0x08000a80                _init_signal
                0x08000a94                __sigtramp
 .text          0x08000aa4       0x2c /opt/homebrew/Cellar/arm-none-eabi-gcc@8/8.5.0_2/lib/arm-none-eabi-gcc/8/gcc/arm-none-eabi/8.5.0/../../../../../../arm-none-eabi/lib/thumb/v7e-m+fp/hard/libg_nano.a(lib_a-signalr.o)
                0x08000aa4                _kill_r
                0x08000acc                _getpid_r
 *fill*         0x08000ad0       0x30 
 .text          0x08000b00       0xdc /opt/homebrew/Cellar/arm-none-eabi-gcc@8/8.5.0_2/lib/arm-none-eabi-gcc/8/gcc/arm-none-eabi/8.5.0/../../../../../../arm-none-eabi/lib/thumb/v7e-m+fp/hard/libg_nano.a(lib_a-strlen.o)
                0x08000b00                strlen
 .text          0x08000bdc       0x48 /opt/homebrew/Cellar/arm-none-eabi-gcc@8/8.5.0_2/lib/arm-none-eabi-gcc/8/gcc/arm-none-eabi/8.5.0/../../../../../../arm-none-eabi/lib/thumb/v7e-m+fp/hard/libg_nano.a(lib_a-assert.o)
                0x08000bdc                __assert_func
                0x08000c18                __assert
 .text          0x08000c24       0x44 /opt/homebrew/Cellar/arm-none-eabi-gcc@8/8.5.0_2/lib/arm-none-eabi-gcc/8/gcc/arm-none-eabi/8.5.0/../../../../../../arm-none-eabi/lib/thumb/v7e-m+fp/hard/libg_nano.a(lib_a-fprintf.o)
                0x08000c24                _fprintf_r
                0x08000c24                _fiprintf_r
                0x08000c40                fprintf
                0x08000c40                fiprintf
 .text          0x08000c68       0x20 /opt/homebrew/Cellar/arm-none-eabi-gcc@8/8.5.0_2/lib/arm-none-eabi-gcc/8/gcc/arm-none-eabi/8.5.0/../../../../../../arm-none-eabi/lib/thumb/v7e-m+fp/hard/libg_nano.a(lib_a-malloc.o)
                0x08000c68                malloc
                0x08000c78                free
 .text          0x08000c88       0xac /opt/homebrew/Cellar/arm-none-eabi-gcc@8/8.5.0_2/lib/arm-none-eabi-gcc/8/gcc/arm-none-eabi/8.5.0/../../../../../../arm-none-eabi/lib/thumb/v7e-m+fp/hard/libg_nano.a(lib_a-nano-freer.o)
                0x08000c88                _free_r
 .text          0x08000d34       0xc8 /opt/homebrew/Cellar/arm-none-eabi-gcc@8/8.5.0_2/lib/arm-none-eabi-gcc/8/gcc/arm-none-eabi/8.5.0/../../../../../../arm-none-eabi/lib/thumb/v7e-m+fp/hard/libg_nano.a(lib_a-nano-mallocr.o)
                0x08000d34                _malloc_r
 .text          0x08000dfc      0x3a8 /opt/homebrew/Cellar/arm-none-eabi-gcc@8/8.5.0_2/lib/arm-none-eabi-gcc/8/gcc/arm-none-eabi/8.5.0/../../../../../../arm-none-eabi/lib/thumb/v7e-m+fp/hard/libg_nano.a(lib_a-nano-vfprintf.o)
                0x08000e38                __sfputs_r
                0x08000e68                __sprint_r
                0x08000e84                _vfiprintf_r
                0x08000e84                _vfprintf_r
                0x0800118c                vfiprintf
                0x0800118c                vfprintf
 .text          0x080011a4      0x3c4 /opt/homebrew/Cellar/arm-none-eabi-gcc@8/8.5.0_2/lib/arm-none-eabi-gcc/8/gcc/arm-none-eabi/8.5.0/../../../../../../arm-none-eabi/lib/thumb/v7e-m+fp/hard/libg_nano.a(lib_a-nano-vfprintf_i.o)
                0x080011a4                _printf_common
                0x080012d0                _printf_i
 .text          0x08001568       0xc0 /opt/homebrew/Cellar/arm-none-eabi-gcc@8/8.5.0_2/lib/arm-none-eabi-gcc/8/gcc/arm-none-eabi/8.5.0/../../../../../../arm-none-eabi/lib/thumb/v7e-m+fp/hard/libg_nano.a(lib_a-wbuf.o)
                0x08001568                __swbuf_r
                0x08001618                __swbuf
 .text          0x08001628      0x100 /opt/homebrew/Cellar/arm-none-eabi-gcc@8/8.5.0_2/lib/arm-none-eabi-gcc/8/gcc/arm-none-eabi/8.5.0/../../../../../../arm-none-eabi/lib/thumb/v7e-m+fp/hard/libg_nano.a(lib_a-wsetup.o)
                0x08001628                __swsetup_r
 .text          0x08001728      0x1d0 /opt/homebrew/Cellar/arm-none-eabi-gcc@8/8.5.0_2/lib/arm-none-eabi-gcc/8/gcc/arm-none-eabi/8.5.0/../../../../../../arm-none-eabi/lib/thumb/v7e-m+fp/hard/libg_nano.a(lib_a-fflush.o)
                0x08001728                __sflush_r
                0x08001854                _fflush_r
                0x080018d4                fflush
 .text          0x080018f8      0x2b8 /opt/homebrew/Cellar/arm-none-eabi-gcc@8/8.5.0_2/lib/arm-none-eabi-gcc/8/gcc/arm-none-eabi/8.5.0/../../../../../../arm-none-eabi/lib/thumb/v7e-m+fp/hard/libg_nano.a(lib_a-findfp.o)
                0x080018f8                _cleanup_r
                0x0800193c                __sfmoreglue
                0x0800196c                _cleanup
                0x08001980                __sinit
                0x08001a94                __sfp
                0x08001b38                __sfp_lock_acquire
                0x08001b44                __sfp_lock_release
                0x08001b50                __sinit_lock_acquire
                0x08001b5c                __sinit_lock_release
                0x08001b68                __fp_lock_all
                0x08001b8c                __fp_unlock_all
 .text          0x08001bb0      0x308 /opt/homebrew/Cellar/arm-none-eabi-gcc@8/8.5.0_2/lib/arm-none-eabi-gcc/8/gcc/arm-none-eabi/8.5.0/../../../../../../arm-none-eabi/lib/thumb/v7e-m+fp/hard/libg_nano.a(lib_a-fvwrite.o)
                0x08001bb0                __sfvwrite_r
 .text          0x08001eb8       0xa0 /opt/homebrew/Cellar/arm-none-eabi-gcc@8/8.5.0_2/lib/arm-none-eabi-gcc/8/gcc/arm-none-eabi/8.5.0/../../../../../../arm-none-eabi/lib/thumb/v7e-m+fp/hard/libg_nano.a(lib_a-fwalk.o)
                0x08001eb8                _fwalk
                0x08001f04                _fwalk_reent
 .text          0x08001f58       0x28 /opt/homebrew/Cellar/arm-none-eabi-gcc@8/8.5.0_2/lib/arm-none-eabi-gcc/8/gcc/arm-none-eabi/8.5.0/../../../../../../arm-none-eabi/lib/thumb/v7e-m+fp/hard/libg_nano.a(lib_a-lock.o)
                0x08001f58                __retarget_lock_init
                0x08001f5c                __retarget_lock_init_recursive
                0x08001f60                __retarget_lock_close
                0x08001f64                __retarget_lock_close_recursive
                0x08001f68                __retarget_lock_acquire
                0x08001f6c                __retarget_lock_acquire_recursive
                0x08001f70                __retarget_lock_try_acquire
                0x08001f74                __retarget_lock_try_acquire_recursive
                0x08001f78                __retarget_lock_release
                0x08001f7c                __retarget_lock_release_recursive
 .text          0x08001f80       0xf0 /opt/homebrew/Cellar/arm-none-eabi-gcc@8/8.5.0_2/lib/arm-none-eabi-gcc/8/gcc/arm-none-eabi/8.5.0/../../../../../../arm-none-eabi/lib/thumb/v7e-m+fp/hard/libg_nano.a(lib_a-makebuf.o)
                0x08001f80                __swhatbuf_r
                0x08001fdc                __smakebuf_r
 .text          0x08002070       0xa0 /opt/homebrew/Cellar/arm-none-eabi-gcc@8/8.5.0_2/lib/arm-none-eabi-gcc/8/gcc/arm-none-eabi/8.5.0/../../../../../../arm-none-eabi/lib/thumb/v7e-m+fp/hard/libg_nano.a(lib_a-memchr.o)
                0x08002070                memchr
 .text          0x08002110       0xd0 /opt/homebrew/Cellar/arm-none-eabi-gcc@8/8.5.0_2/lib/arm-none-eabi-gcc/8/gcc/arm-none-eabi/8.5.0/../../../../../../arm-none-eabi/lib/thumb/v7e-m+fp/hard/libg_nano.a(lib_a-memmove.o)
                0x08002110                memmove
 .text          0x080021e0       0x18 /opt/homebrew/Cellar/arm-none-eabi-gcc@8/8.5.0_2/lib/arm-none-eabi-gcc/8/gcc/arm-none-eabi/8.5.0/../../../../../../arm-none-eabi/lib/thumb/v7e-m+fp/hard/libg_nano.a(lib_a-mlock.o)
                0x080021e0                __malloc_lock
                0x080021ec                __malloc_unlock
 .text          0x080021f8       0x4c /opt/homebrew/Cellar/arm-none-eabi-gcc@8/8.5.0_2/lib/arm-none-eabi-gcc/8/gcc/arm-none-eabi/8.5.0/../../../../../../arm-none-eabi/lib/thumb/v7e-m+fp/hard/libg_nano.a(lib_a-nano-reallocr.o)
                0x080021f8                _realloc_r
 .text          0x08002244       0x90 /opt/homebrew/Cellar/arm-none-eabi-gcc@8/8.5.0_2/lib/arm-none-eabi-gcc/8/gcc/arm-none-eabi/8.5.0/../../../../../../arm-none-eabi/lib/thumb/v7e-m+fp/hard/libg_nano.a(lib_a-stdio.o)
                0x08002244                __sread
                0x08002268                __seofread
                0x0800226c                __swrite
                0x080022ac                __sseek
                0x080022cc                __sclose
 .text          0x080022d4       0x10 /opt/homebrew/Cellar/arm-none-eabi-gcc@8/8.5.0_2/lib/arm-none-eabi-gcc/8/gcc/arm-none-eabi/8.5.0/../../../../../../arm-none-eabi/lib/thumb/v7e-m+fp/hard/libg_nano.a(lib_a-nano-msizer.o)
                0x080022d4                _malloc_usable_size_r
 *(.text.*)
 .text.HC595_delay
                0x080022e4       0x12 .build/obj_keychron_k8_pro_ansi_rgb_k8/matrix.o
 *fill*         0x080022f6        0x2 
 .text.HC595_output
                0x080022f8       0x54 .build/obj_keychron_k8_pro_ansi_rgb_k8/matrix.o
 .text.setPinOutput_writeLow
                0x0800234c       0x2a .build/obj_keychron_k8_pro_ansi_rgb_k8/matrix.o
 .text.setPinInputHigh_atomic
                0x08002376       0x22 .build/obj_keychron_k8_pro_ansi_rgb_k8/matrix.o
 .text.select_all_cols
                0x08002398       0x1c .build/obj_keychron_k8_pro_ansi_rgb_k8/matrix.o
                0x08002398                select_all_cols
 .text.matrix_read_rows_on_col
                0x080023b4       0x94 .build/obj_keychron_k8_pro_ansi_rgb_k8/matrix.o
                0x080023b4                matrix_read_rows_on_col
 .text.matrix_init_custom
                0x08002448       0x64 .build/obj_keychron_k8_pro_ansi_rgb_k8/matrix.o
                0x08002448                matrix_init_custom
 .text.matrix_scan_custom
                0x080024ac       0x44 .build/obj_keychron_k8_pro_ansi_rgb_k8/matrix.o
                0x080024ac                matrix_scan_custom
 .text.bluetooth_keyboard_leds
                0x080024f0       0x18 .build/obj_keychron_k8_pro_ansi_rgb_k8/bluetooth/bluetooth.o
                0x080024f0                bluetooth_keyboard_leds
 .text.bluetooth_bt_event_queue_init
                0x08002508       0x24 .build/obj_keychron_k8_pro_ansi_rgb_k8/bluetooth/bluetooth.o
                0x08002508                bluetooth_bt_event_queue_init
 .text.bluetooth_event_queue_enqueue
                0x0800252c       0x48 .build/obj_keychron_k8_pro_ansi_rgb_k8/bluetooth/bluetooth.o
                0x0800252c                bluetooth_event_queue_enqueue
 .text.bluetooth_init
                0x08002574       0x4c .build/obj_keychron_k8_pro_ansi_rgb_k8/bluetooth/bluetooth.o
                0x08002574                bluetooth_init
 .text.bluetooth_pairing_ex
                0x080025c0       0x30 .build/obj_keychron_k8_pro_ansi_rgb_k8/bluetooth/bluetooth.o
                0x080025c0                bluetooth_pairing_ex
 .text.bluetooth_connect
                0x080025f0       0x2c .build/obj_keychron_k8_pro_ansi_rgb_k8/bluetooth/bluetooth.o
                0x080025f0                bluetooth_connect
 .text.bluetooth_send_keyboard
                0x0800261c       0xc8 .build/obj_keychron_k8_pro_ansi_rgb_k8/bluetooth/bluetooth.o
                0x0800261c                bluetooth_send_keyboard
 .text.bluetooth_send_mouse
                0x080026e4       0x20 .build/obj_keychron_k8_pro_ansi_rgb_k8/bluetooth/bluetooth.o
                0x080026e4                bluetooth_send_mouse
 .text.bluetooth_connect_ex
                0x08002704       0x48 .build/obj_keychron_k8_pro_ansi_rgb_k8/bluetooth/bluetooth.o
                0x08002704                bluetooth_connect_ex
 .text.bluetooth_disconnect
                0x0800274c       0x10 .build/obj_keychron_k8_pro_ansi_rgb_k8/bluetooth/bluetooth.o
                0x0800274c                bluetooth_disconnect
 .text.bluetooth_enter_reset_kb
                0x0800275c        0x2 .build/obj_keychron_k8_pro_ansi_rgb_k8/bluetooth/bluetooth.o
                0x0800275c                bluetooth_enter_reset_kb
 .text.bluetooth_enter_discoverable_kb
                0x0800275e        0x2 .build/obj_keychron_k8_pro_ansi_rgb_k8/bluetooth/bluetooth.o
                0x0800275e                bluetooth_enter_discoverable_kb
 .text.bluetooth_enter_reconnecting_kb
                0x08002760        0x2 .build/obj_keychron_k8_pro_ansi_rgb_k8/bluetooth/bluetooth.o
                0x08002760                bluetooth_enter_reconnecting_kb
 .text.bluetooth_enter_connected_kb
                0x08002762        0x2 .build/obj_keychron_k8_pro_ansi_rgb_k8/bluetooth/bluetooth.o
                0x08002762                bluetooth_enter_connected_kb
 .text.bluetooth_enter_pin_code_entry_kb
                0x08002764        0x2 .build/obj_keychron_k8_pro_ansi_rgb_k8/bluetooth/bluetooth.o
                0x08002764                bluetooth_enter_pin_code_entry_kb
 .text.bluetooth_exit_pin_code_entry_kb
                0x08002766        0x2 .build/obj_keychron_k8_pro_ansi_rgb_k8/bluetooth/bluetooth.o
                0x08002766                bluetooth_exit_pin_code_entry_kb
 .text.bluetooth_send_system
                0x08002768       0x20 .build/obj_keychron_k8_pro_ansi_rgb_k8/bluetooth/bluetooth.o
                0x08002768                bluetooth_send_system
 .text.bluetooth_send_consumer
                0x08002788       0x50 .build/obj_keychron_k8_pro_ansi_rgb_k8/bluetooth/bluetooth.o
                0x08002788                bluetooth_send_consumer
 .text.bluetooth_send_extra
                0x080027d8       0x24 .build/obj_keychron_k8_pro_ansi_rgb_k8/bluetooth/bluetooth.o
                0x080027d8                bluetooth_send_extra
 .text.bluetooth_low_battery_shutdown
                0x080027fc       0x18 .build/obj_keychron_k8_pro_ansi_rgb_k8/bluetooth/bluetooth.o
                0x080027fc                bluetooth_low_battery_shutdown
 .text.bluetooth_event_queue_task
                0x08002814      0x19c .build/obj_keychron_k8_pro_ansi_rgb_k8/bluetooth/bluetooth.o
                0x08002814                bluetooth_event_queue_task
 .text.bluetooth_task
                0x080029b0       0x24 .build/obj_keychron_k8_pro_ansi_rgb_k8/bluetooth/bluetooth.o
                0x080029b0                bluetooth_task
 .text.bluetooth_get_state
                0x080029d4        0xc .build/obj_keychron_k8_pro_ansi_rgb_k8/bluetooth/bluetooth.o
                0x080029d4                bluetooth_get_state
 .text.process_record_kb
                0x080029e0       0x40 .build/obj_keychron_k8_pro_ansi_rgb_k8/bluetooth/bluetooth.o
                0x080029e0                process_record_kb
 .text.report_buffer_init
                0x08002a20       0x3c .build/obj_keychron_k8_pro_ansi_rgb_k8/bluetooth/report_buffer.o
                0x08002a20                report_buffer_init
 .text.report_buffer_enqueue
                0x08002a5c       0x38 .build/obj_keychron_k8_pro_ansi_rgb_k8/bluetooth/report_buffer.o
                0x08002a5c                report_buffer_enqueue
 .text.report_buffer_dequeue
                0x08002a94       0x38 .build/obj_keychron_k8_pro_ansi_rgb_k8/bluetooth/report_buffer.o
                0x08002a94                report_buffer_dequeue
 .text.report_buffer_is_empty
                0x08002acc       0x18 .build/obj_keychron_k8_pro_ansi_rgb_k8/bluetooth/report_buffer.o
                0x08002acc                report_buffer_is_empty
 .text.report_buffer_update_timer
                0x08002ae4       0x10 .build/obj_keychron_k8_pro_ansi_rgb_k8/bluetooth/report_buffer.o
                0x08002ae4                report_buffer_update_timer
 .text.report_buffer_next_inverval
                0x08002af4       0x20 .build/obj_keychron_k8_pro_ansi_rgb_k8/bluetooth/report_buffer.o
                0x08002af4                report_buffer_next_inverval
 .text.report_buffer_set_inverval
                0x08002b14        0xc .build/obj_keychron_k8_pro_ansi_rgb_k8/bluetooth/report_buffer.o
                0x08002b14                report_buffer_set_inverval
 .text.report_buffer_get_retry
                0x08002b20        0xc .build/obj_keychron_k8_pro_ansi_rgb_k8/bluetooth/report_buffer.o
                0x08002b20                report_buffer_get_retry
 .text.report_buffer_set_retry
                0x08002b2c        0xc .build/obj_keychron_k8_pro_ansi_rgb_k8/bluetooth/report_buffer.o
                0x08002b2c                report_buffer_set_retry
 .text.report_buffer_task
                0x08002b38       0xc0 .build/obj_keychron_k8_pro_ansi_rgb_k8/bluetooth/report_buffer.o
                0x08002b38                report_buffer_task
 .text.ckbt51_init
                0x08002bf8       0x64 .build/obj_keychron_k8_pro_ansi_rgb_k8/bluetooth/ckbt51.o
                0x08002bf8                ckbt51_init
 .text.ckbt51_send_cmd
                0x08002c5c      0x114 .build/obj_keychron_k8_pro_ansi_rgb_k8/bluetooth/ckbt51.o
                0x08002c5c                ckbt51_send_cmd
 .text.ckbt51_send_keyboard
                0x08002d70       0x34 .build/obj_keychron_k8_pro_ansi_rgb_k8/bluetooth/ckbt51.o
                0x08002d70                ckbt51_send_keyboard
 .text.ckbt51_send_nkro
                0x08002da4       0x34 .build/obj_keychron_k8_pro_ansi_rgb_k8/bluetooth/ckbt51.o
                0x08002da4                ckbt51_send_nkro
 .text.ckbt51_send_consumer
                0x08002dd8       0x30 .build/obj_keychron_k8_pro_ansi_rgb_k8/bluetooth/ckbt51.o
                0x08002dd8                ckbt51_send_consumer
 .text.ckbt51_send_system
                0x08002e08       0x30 .build/obj_keychron_k8_pro_ansi_rgb_k8/bluetooth/ckbt51.o
                0x08002e08                ckbt51_send_system
 .text.ckbt51_send_mouse
                0x08002e38       0x4c .build/obj_keychron_k8_pro_ansi_rgb_k8/bluetooth/ckbt51.o
                0x08002e38                ckbt51_send_mouse
 .text.ckbt51_become_discoverable
                0x08002e84       0x7c .build/obj_keychron_k8_pro_ansi_rgb_k8/bluetooth/ckbt51.o
                0x08002e84                ckbt51_become_discoverable
 .text.ckbt51_connect
                0x08002f00       0x34 .build/obj_keychron_k8_pro_ansi_rgb_k8/bluetooth/ckbt51.o
                0x08002f00                ckbt51_connect
 .text.ckbt51_disconnect
                0x08002f34       0x28 .build/obj_keychron_k8_pro_ansi_rgb_k8/bluetooth/ckbt51.o
                0x08002f34                ckbt51_disconnect
 .text.ckbt51_send_conn_evt_ack
                0x08002f5c       0x28 .build/obj_keychron_k8_pro_ansi_rgb_k8/bluetooth/ckbt51.o
                0x08002f5c                ckbt51_send_conn_evt_ack
 .text.ckbt51_read_state_reg
                0x08002f84       0x38 .build/obj_keychron_k8_pro_ansi_rgb_k8/bluetooth/ckbt51.o
                0x08002f84                ckbt51_read_state_reg
 .text.ckbt51_set_param
                0x08002fbc       0x34 .build/obj_keychron_k8_pro_ansi_rgb_k8/bluetooth/ckbt51.o
                0x08002fbc                ckbt51_set_param
 .text.ckbt51_set_local_name
                0x08002ff0       0x3c .build/obj_keychron_k8_pro_ansi_rgb_k8/bluetooth/ckbt51.o
                0x08002ff0                ckbt51_set_local_name
 .text.ckbt51_factory_reset
                0x0800302c       0x28 .build/obj_keychron_k8_pro_ansi_rgb_k8/bluetooth/ckbt51.o
                0x0800302c                ckbt51_factory_reset
 .text.ckbt51_int_pin_test
                0x08003054       0x2c .build/obj_keychron_k8_pro_ansi_rgb_k8/bluetooth/ckbt51.o
                0x08003054                ckbt51_int_pin_test
 .text.ckbt51_radio_test
                0x08003080       0x2c .build/obj_keychron_k8_pro_ansi_rgb_k8/bluetooth/ckbt51.o
                0x08003080                ckbt51_radio_test
 .text.ckbt51_dfu_tx
                0x080030ac       0x7c .build/obj_keychron_k8_pro_ansi_rgb_k8/bluetooth/ckbt51.o
                0x080030ac                ckbt51_dfu_tx
 .text.ckbt51_dfu_rx
                0x08003128       0x88 .build/obj_keychron_k8_pro_ansi_rgb_k8/bluetooth/ckbt51.o
                0x08003128                ckbt51_dfu_rx
 .text.ckbt51_task
                0x080031b0      0x278 .build/obj_keychron_k8_pro_ansi_rgb_k8/bluetooth/ckbt51.o
                0x080031b0                ckbt51_task
 .text.indicator_init
                0x08003428       0x5c .build/obj_keychron_k8_pro_ansi_rgb_k8/bluetooth/indicator.o
                0x08003428                indicator_init
 .text.indicator_enable
                0x08003484       0x12 .build/obj_keychron_k8_pro_ansi_rgb_k8/bluetooth/indicator.o
                0x08003484                indicator_enable
 .text.indicator_disable
                0x08003496        0x4 .build/obj_keychron_k8_pro_ansi_rgb_k8/bluetooth/indicator.o
                0x08003496                indicator_disable
 .text.indicator_is_enabled
                0x0800349a        0xe .build/obj_keychron_k8_pro_ansi_rgb_k8/bluetooth/indicator.o
                0x0800349a                indicator_is_enabled
 .text.indicator_eeconfig_reload
                0x080034a8       0x24 .build/obj_keychron_k8_pro_ansi_rgb_k8/bluetooth/indicator.o
                0x080034a8                indicator_eeconfig_reload
 .text.indicator_is_running
                0x080034cc       0x20 .build/obj_keychron_k8_pro_ansi_rgb_k8/bluetooth/indicator.o
                0x080034cc                indicator_is_running
 .text.indicator_stop
                0x080034ec       0x28 .build/obj_keychron_k8_pro_ansi_rgb_k8/bluetooth/indicator.o
                0x080034ec                indicator_stop
 .text.indicator_battery_low_enable
                0x08003514       0x38 .build/obj_keychron_k8_pro_ansi_rgb_k8/bluetooth/indicator.o
                0x08003514                indicator_battery_low_enable
 .text.indicator_battery_low
                0x0800354c       0x50 .build/obj_keychron_k8_pro_ansi_rgb_k8/bluetooth/indicator.o
                0x0800354c                indicator_battery_low
 .text.os_state_indicate
                0x0800359c        0x2 .build/obj_keychron_k8_pro_ansi_rgb_k8/bluetooth/indicator.o
                0x0800359c                os_state_indicate
 *fill*         0x0800359e        0x2 
 .text.rgb_matrix_indicators_kb
                0x080035a0       0x98 .build/obj_keychron_k8_pro_ansi_rgb_k8/bluetooth/indicator.o
                0x080035a0                rgb_matrix_indicators_kb
 .text.indicator_timer_cb
                0x08003638      0x1dc .build/obj_keychron_k8_pro_ansi_rgb_k8/bluetooth/indicator.o
 .text.indicator_set
                0x08003814      0x15c .build/obj_keychron_k8_pro_ansi_rgb_k8/bluetooth/indicator.o
                0x08003814                indicator_set
 .text.indicator_task
                0x08003970       0x40 .build/obj_keychron_k8_pro_ansi_rgb_k8/bluetooth/indicator.o
                0x08003970                indicator_task
 .text.led_update_kb
                0x080039b0       0x40 .build/obj_keychron_k8_pro_ansi_rgb_k8/bluetooth/indicator.o
                0x080039b0                led_update_kb
 .text.rgb_matrix_none_indicators_kb
                0x080039f0        0x8 .build/obj_keychron_k8_pro_ansi_rgb_k8/bluetooth/indicator.o
                0x080039f0                rgb_matrix_none_indicators_kb
 .text.rgb_matrix_driver_allow_shutdown
                0x080039f8        0x4 .build/obj_keychron_k8_pro_ansi_rgb_k8/bluetooth/indicator.o
                0x080039f8                rgb_matrix_driver_allow_shutdown
 .text.bluetooth_post_task
                0x080039fc        0x2 .build/obj_keychron_k8_pro_ansi_rgb_k8/bluetooth/bluetooth_main.o
                0x080039fc                bluetooth_post_task
 .text.bluetooth_tasks
                0x080039fe       0x20 .build/obj_keychron_k8_pro_ansi_rgb_k8/bluetooth/bluetooth_main.o
                0x080039fe                bluetooth_tasks
 .text.housekeeping_task_kb
                0x08003a1e        0x4 .build/obj_keychron_k8_pro_ansi_rgb_k8/bluetooth/bluetooth_main.o
                0x08003a1e                housekeeping_task_kb
 *fill*         0x08003a22        0x2 
 .text.bt_transport_enable
                0x08003a24       0x48 .build/obj_keychron_k8_pro_ansi_rgb_k8/bluetooth/transport.o
                0x08003a24                bt_transport_enable
 .text.usb_transport_enable
                0x08003a6c       0x40 .build/obj_keychron_k8_pro_ansi_rgb_k8/bluetooth/transport.o
                0x08003a6c                usb_transport_enable
 .text.set_transport
                0x08003aac       0xd4 .build/obj_keychron_k8_pro_ansi_rgb_k8/bluetooth/transport.o
                0x08003aac                set_transport
 .text.get_transport
                0x08003b80        0xc .build/obj_keychron_k8_pro_ansi_rgb_k8/bluetooth/transport.o
                0x08003b80                get_transport
 .text.usb_remote_wakeup
                0x08003b8c       0x44 .build/obj_keychron_k8_pro_ansi_rgb_k8/bluetooth/transport.o
                0x08003b8c                usb_remote_wakeup
 .text.lpm_timer_reset
                0x08003bd0       0x1c .build/obj_keychron_k8_pro_ansi_rgb_k8/bluetooth/lpm.o
                0x08003bd0                lpm_timer_reset
 .text.lpm_init
                0x08003bec       0x18 .build/obj_keychron_k8_pro_ansi_rgb_k8/bluetooth/lpm.o
                0x08003bec                lpm_init
 .text.lpm_timer_stop
                0x08003c04       0x14 .build/obj_keychron_k8_pro_ansi_rgb_k8/bluetooth/lpm.o
                0x08003c04                lpm_timer_stop
 .text.usb_power_connected
                0x08003c18       0x14 .build/obj_keychron_k8_pro_ansi_rgb_k8/bluetooth/lpm.o
                0x08003c18                usb_power_connected
 .text.lpm_task
                0x08003c2c       0x60 .build/obj_keychron_k8_pro_ansi_rgb_k8/bluetooth/lpm.o
                0x08003c2c                lpm_task
 .text.lpm_set  0x08003c8c       0xf4 .build/obj_keychron_k8_pro_ansi_rgb_k8/bluetooth/lpm_stm32l432.o
                0x08003c8c                lpm_set
 .text.usb_power_connect
                0x08003d80       0x10 .build/obj_keychron_k8_pro_ansi_rgb_k8/bluetooth/lpm_stm32l432.o
                0x08003d80                usb_power_connect
 .text.enter_power_mode
                0x08003d90      0x258 .build/obj_keychron_k8_pro_ansi_rgb_k8/bluetooth/lpm_stm32l432.o
                0x08003d90                enter_power_mode
 .text.battery_init
                0x08003fe8        0x2 .build/obj_keychron_k8_pro_ansi_rgb_k8/bluetooth/battery.o
                0x08003fe8                battery_init
 .text.battery_measure
                0x08003fea        0x8 .build/obj_keychron_k8_pro_ansi_rgb_k8/bluetooth/battery.o
                0x08003fea                battery_measure
 *fill*         0x08003ff2        0x2 
 .text.battery_set_voltage
                0x08003ff4        0xc .build/obj_keychron_k8_pro_ansi_rgb_k8/bluetooth/battery.o
                0x08003ff4                battery_set_voltage
 .text.battery_get_percentage
                0x08004000       0x58 .build/obj_keychron_k8_pro_ansi_rgb_k8/bluetooth/battery.o
                0x08004000                battery_get_percentage
 .text.battery_is_empty
                0x08004058       0x14 .build/obj_keychron_k8_pro_ansi_rgb_k8/bluetooth/battery.o
                0x08004058                battery_is_empty
 .text.battery_is_critical_low
                0x0800406c       0x14 .build/obj_keychron_k8_pro_ansi_rgb_k8/bluetooth/battery.o
                0x0800406c                battery_is_critical_low
 .text.battery_check_empty
                0x08004080       0x3c .build/obj_keychron_k8_pro_ansi_rgb_k8/bluetooth/battery.o
                0x08004080                battery_check_empty
 .text.battery_check_critical_low
                0x080040bc       0x34 .build/obj_keychron_k8_pro_ansi_rgb_k8/bluetooth/battery.o
                0x080040bc                battery_check_critical_low
 .text.battery_power_on_sample
                0x080040f0       0x14 .build/obj_keychron_k8_pro_ansi_rgb_k8/bluetooth/battery.o
                0x080040f0                battery_power_on_sample
 .text.battery_task
                0x08004104       0x9c .build/obj_keychron_k8_pro_ansi_rgb_k8/bluetooth/battery.o
                0x08004104                battery_task
 .text.factory_timer_start
                0x080041a0       0x1c .build/obj_keychron_k8_pro_ansi_rgb_k8/bluetooth/factory_test.o
                0x080041a0                factory_timer_start
 .text.process_record_factory_reset
                0x080041bc       0xd8 .build/obj_keychron_k8_pro_ansi_rgb_k8/bluetooth/factory_test.o
                0x080041bc                process_record_factory_reset
 .text.rgb_matrix_indicators_user
                0x08004294       0x58 .build/obj_keychron_k8_pro_ansi_rgb_k8/bluetooth/factory_test.o
                0x08004294                rgb_matrix_indicators_user
 .text.factory_reset_task
                0x080042ec       0xc4 .build/obj_keychron_k8_pro_ansi_rgb_k8/bluetooth/factory_test.o
                0x080042ec                factory_reset_task
 .text.factory_test_send
                0x080043b0       0x46 .build/obj_keychron_k8_pro_ansi_rgb_k8/bluetooth/factory_test.o
                0x080043b0                factory_test_send
 *fill*         0x080043f6        0x2 
 .text.factory_test_rx
                0x080043f8       0xec .build/obj_keychron_k8_pro_ansi_rgb_k8/bluetooth/factory_test.o
                0x080043f8                factory_test_rx
 .text.dip_switch_update_user
                0x080044e4       0x28 .build/obj_keychron_k8_pro_ansi_rgb_k8/bluetooth/factory_test.o
                0x080044e4                dip_switch_update_user
 .text.bat_level_animiation_start
                0x0800450c       0x58 .build/obj_keychron_k8_pro_ansi_rgb_k8/bluetooth/bat_level_animation.o
                0x0800450c                bat_level_animiation_start
 .text.bat_level_animiation_actived
                0x08004564       0x10 .build/obj_keychron_k8_pro_ansi_rgb_k8/bluetooth/bat_level_animation.o
                0x08004564                bat_level_animiation_actived
 .text.bat_level_animiation_indicate
                0x08004574       0x7c .build/obj_keychron_k8_pro_ansi_rgb_k8/bluetooth/bat_level_animation.o
                0x08004574                bat_level_animiation_indicate
 .text.bat_level_animiation_update
                0x080045f0       0xac .build/obj_keychron_k8_pro_ansi_rgb_k8/bluetooth/bat_level_animation.o
                0x080045f0                bat_level_animiation_update
 .text.bat_level_animiation_task
                0x0800469c       0x30 .build/obj_keychron_k8_pro_ansi_rgb_k8/bluetooth/bat_level_animation.o
                0x0800469c                bat_level_animiation_task
 .text.rtc_timer_clear
                0x080046cc       0x1c .build/obj_keychron_k8_pro_ansi_rgb_k8/bluetooth/rtc_timer.o
                0x080046cc                rtc_timer_clear
 .text.rtc_timer_init
                0x080046e8        0x4 .build/obj_keychron_k8_pro_ansi_rgb_k8/bluetooth/rtc_timer.o
                0x080046e8                rtc_timer_init
 .text.rtc_timer_read_ms
                0x080046ec       0x1c .build/obj_keychron_k8_pro_ansi_rgb_k8/bluetooth/rtc_timer.o
                0x080046ec                rtc_timer_read_ms
 .text.rtc_timer_elapsed_ms
                0x08004708        0xc .build/obj_keychron_k8_pro_ansi_rgb_k8/bluetooth/rtc_timer.o
                0x08004708                rtc_timer_elapsed_ms
 .text.pairing_key_timer_cb
                0x08004714        0x8 .build/obj_keychron_k8_pro_ansi_rgb_k8/keyboards/keychron/k8_pro/k8_pro.o
 .text.ckbt51_param_init
                0x0800471c       0x5c .build/obj_keychron_k8_pro_ansi_rgb_k8/keyboards/keychron/k8_pro/k8_pro.o
 .text.dip_switch_update_kb
                0x08004778       0x20 .build/obj_keychron_k8_pro_ansi_rgb_k8/keyboards/keychron/k8_pro/k8_pro.o
                0x08004778                dip_switch_update_kb
 .text.process_record_kb_bt
                0x08004798      0x13c .build/obj_keychron_k8_pro_ansi_rgb_k8/keyboards/keychron/k8_pro/k8_pro.o
                0x08004798                process_record_kb_bt
 .text.keyboard_post_init_kb
                0x080048d4       0x60 .build/obj_keychron_k8_pro_ansi_rgb_k8/keyboards/keychron/k8_pro/k8_pro.o
                0x080048d4                keyboard_post_init_kb
 .text.matrix_scan_kb
                0x08004934       0xb4 .build/obj_keychron_k8_pro_ansi_rgb_k8/keyboards/keychron/k8_pro/k8_pro.o
                0x08004934                matrix_scan_kb
 .text.bluetooth_enter_disconnected_kb
                0x080049e8       0x48 .build/obj_keychron_k8_pro_ansi_rgb_k8/keyboards/keychron/k8_pro/k8_pro.o
                0x080049e8                bluetooth_enter_disconnected_kb
 .text.ckbt51_default_ack_handler
                0x08004a30       0x48 .build/obj_keychron_k8_pro_ansi_rgb_k8/keyboards/keychron/k8_pro/k8_pro.o
                0x08004a30                ckbt51_default_ack_handler
 .text.bluetooth_pre_task
                0x08004a78       0x34 .build/obj_keychron_k8_pro_ansi_rgb_k8/keyboards/keychron/k8_pro/k8_pro.o
                0x08004a78                bluetooth_pre_task
 .text.battery_calculte_voltage
                0x08004aac       0x64 .build/obj_keychron_k8_pro_ansi_rgb_k8/keyboards/keychron/k8_pro/k8_pro.o
                0x08004aac                battery_calculte_voltage
 .text.via_command_kb
                0x08004b10       0x1e .build/obj_keychron_k8_pro_ansi_rgb_k8/keyboards/keychron/k8_pro/k8_pro.o
                0x08004b10                via_command_kb
 .text.raw_hid_receive
                0x08004b2e        0xe .build/obj_keychron_k8_pro_ansi_rgb_k8/keyboards/keychron/k8_pro/k8_pro.o
                0x08004b2e                raw_hid_receive
 .text.keycode_at_keymap_location_raw
                0x08004b3c       0x28 .build/obj_keychron_k8_pro_ansi_rgb_k8/quantum/keymap_introspection.o
                0x08004b3c                keycode_at_keymap_location_raw
 .text.keycode_at_keymap_location
                0x08004b64        0x4 .build/obj_keychron_k8_pro_ansi_rgb_k8/quantum/keymap_introspection.o
                0x08004b64                keycode_at_keymap_location
 .text.process_action_kb
                0x08004b68        0x4 .build/obj_keychron_k8_pro_ansi_rgb_k8/quantum/quantum.o
                0x08004b68                process_action_kb
 .text.process_record_user
                0x08004b6c        0x4 .build/obj_keychron_k8_pro_ansi_rgb_k8/quantum/quantum.o
                0x08004b6c                process_record_user
 .text.post_process_record_user
                0x08004b70        0x2 .build/obj_keychron_k8_pro_ansi_rgb_k8/quantum/quantum.o
                0x08004b70                post_process_record_user
 .text.post_process_record_kb
                0x08004b72        0x8 .build/obj_keychron_k8_pro_ansi_rgb_k8/quantum/quantum.o
                0x08004b72                post_process_record_kb
 *fill*         0x08004b7a        0x2 
 .text.get_event_keycode
                0x08004b7c       0x4c .build/obj_keychron_k8_pro_ansi_rgb_k8/quantum/quantum.o
                0x08004b7c                get_event_keycode
 .text.get_record_keycode
                0x08004bc8       0x18 .build/obj_keychron_k8_pro_ansi_rgb_k8/quantum/quantum.o
                0x08004bc8                get_record_keycode
 .text.pre_process_record_quantum
                0x08004be0        0x4 .build/obj_keychron_k8_pro_ansi_rgb_k8/quantum/quantum.o
                0x08004be0                pre_process_record_quantum
 .text.post_process_record_quantum
                0x08004be4       0x12 .build/obj_keychron_k8_pro_ansi_rgb_k8/quantum/quantum.o
                0x08004be4                post_process_record_quantum
 .text.shutdown_user
                0x08004bf6        0x2 .build/obj_keychron_k8_pro_ansi_rgb_k8/quantum/quantum.o
                0x08004bf6                shutdown_user
 .text.shutdown_quantum
                0x08004bf8       0x16 .build/obj_keychron_k8_pro_ansi_rgb_k8/quantum/quantum.o
                0x08004bf8                shutdown_quantum
 .text.reset_keyboard
                0x08004c0e        0xe .build/obj_keychron_k8_pro_ansi_rgb_k8/quantum/quantum.o
                0x08004c0e                reset_keyboard
 .text.soft_reset_keyboard
                0x08004c1c        0xe .build/obj_keychron_k8_pro_ansi_rgb_k8/quantum/quantum.o
                0x08004c1c                soft_reset_keyboard
 *fill*         0x08004c2a        0x2 
 .text.process_record_quantum
                0x08004c2c      0x10c .build/obj_keychron_k8_pro_ansi_rgb_k8/quantum/quantum.o
                0x08004c2c                process_record_quantum
 .text.suspend_power_down_quantum
                0x08004d38       0x18 .build/obj_keychron_k8_pro_ansi_rgb_k8/quantum/quantum.o
                0x08004d38                suspend_power_down_quantum
 .text.suspend_wakeup_init_quantum
                0x08004d50       0x14 .build/obj_keychron_k8_pro_ansi_rgb_k8/quantum/quantum.o
                0x08004d50                suspend_wakeup_init_quantum
 .text.led_set_user
                0x08004d64        0x2 .build/obj_keychron_k8_pro_ansi_rgb_k8/quantum/led.o
                0x08004d64                led_set_user
 .text.led_update_user
                0x08004d66        0x4 .build/obj_keychron_k8_pro_ansi_rgb_k8/quantum/led.o
                0x08004d66                led_update_user
 .text.led_update_ports
                0x08004d6a       0x14 .build/obj_keychron_k8_pro_ansi_rgb_k8/quantum/led.o
                0x08004d6a                led_update_ports
 .text.led_init_ports
                0x08004d7e       0x18 .build/obj_keychron_k8_pro_ansi_rgb_k8/quantum/led.o
                0x08004d7e                led_init_ports
 .text.led_set  0x08004d96       0x10 .build/obj_keychron_k8_pro_ansi_rgb_k8/quantum/led.o
                0x08004d96                led_set
 .text.led_suspend
                0x08004da6        0xa .build/obj_keychron_k8_pro_ansi_rgb_k8/quantum/led.o
                0x08004da6                led_suspend
 .text.led_wakeup
                0x08004db0        0xc .build/obj_keychron_k8_pro_ansi_rgb_k8/quantum/led.o
                0x08004db0                led_wakeup
 .text.led_task
                0x08004dbc       0x2c .build/obj_keychron_k8_pro_ansi_rgb_k8/quantum/led.o
                0x08004dbc                led_task
 .text.action_exec
                0x08004de8       0x52 .build/obj_keychron_k8_pro_ansi_rgb_k8/quantum/action.o
                0x08004de8                action_exec
 .text.process_record_tap_hint
                0x08004e3a        0x6 .build/obj_keychron_k8_pro_ansi_rgb_k8/quantum/action.o
                0x08004e3a                process_record_tap_hint
 .text.register_mouse
                0x08004e40       0x16 .build/obj_keychron_k8_pro_ansi_rgb_k8/quantum/action.o
                0x08004e40                register_mouse
 *fill*         0x08004e56        0x2 
 .text.register_code
                0x08004e58       0xa0 .build/obj_keychron_k8_pro_ansi_rgb_k8/quantum/action.o
                0x08004e58                register_code
 .text.unregister_code
                0x08004ef8       0x72 .build/obj_keychron_k8_pro_ansi_rgb_k8/quantum/action.o
                0x08004ef8                unregister_code
 .text.tap_code_delay
                0x08004f6a       0x20 .build/obj_keychron_k8_pro_ansi_rgb_k8/quantum/action.o
                0x08004f6a                tap_code_delay
 .text.tap_code
                0x08004f8a       0x10 .build/obj_keychron_k8_pro_ansi_rgb_k8/quantum/action.o
                0x08004f8a                tap_code
 .text.register_mods
                0x08004f9a       0x12 .build/obj_keychron_k8_pro_ansi_rgb_k8/quantum/action.o
                0x08004f9a                register_mods
 .text.unregister_mods
                0x08004fac       0x12 .build/obj_keychron_k8_pro_ansi_rgb_k8/quantum/action.o
                0x08004fac                unregister_mods
 *fill*         0x08004fbe        0x2 
 .text.process_action
                0x08004fc0      0x3e8 .build/obj_keychron_k8_pro_ansi_rgb_k8/quantum/action.o
                0x08004fc0                process_action
 .text.process_record_handler
                0x080053a8       0x22 .build/obj_keychron_k8_pro_ansi_rgb_k8/quantum/action.o
                0x080053a8                process_record_handler
 *fill*         0x080053ca        0x2 
 .text.process_record
                0x080053cc       0x58 .build/obj_keychron_k8_pro_ansi_rgb_k8/quantum/action.o
                0x080053cc                process_record
 .text.clear_keyboard_but_mods_and_keys
                0x08005424       0x22 .build/obj_keychron_k8_pro_ansi_rgb_k8/quantum/action.o
                0x08005424                clear_keyboard_but_mods_and_keys
 .text.clear_keyboard_but_mods
                0x08005446        0xe .build/obj_keychron_k8_pro_ansi_rgb_k8/quantum/action.o
                0x08005446                clear_keyboard_but_mods
 .text.clear_keyboard
                0x08005454        0xe .build/obj_keychron_k8_pro_ansi_rgb_k8/quantum/action.o
                0x08005454                clear_keyboard
 .text.is_tap_action
                0x08005462       0x52 .build/obj_keychron_k8_pro_ansi_rgb_k8/quantum/action.o
                0x08005462                is_tap_action
 .text.is_tap_record
                0x080054b4       0x34 .build/obj_keychron_k8_pro_ansi_rgb_k8/quantum/action.o
                0x080054b4                is_tap_record
 .text.debug_event
                0x080054e8        0xc .build/obj_keychron_k8_pro_ansi_rgb_k8/quantum/action.o
                0x080054e8                debug_event
 .text.debug_record
                0x080054f4        0xc .build/obj_keychron_k8_pro_ansi_rgb_k8/quantum/action.o
                0x080054f4                debug_record
 .text.default_layer_state_set_user
                0x08005500        0x2 .build/obj_keychron_k8_pro_ansi_rgb_k8/quantum/action_layer.o
                0x08005500                default_layer_state_set_user
 .text.default_layer_state_set_kb
                0x08005502        0x8 .build/obj_keychron_k8_pro_ansi_rgb_k8/quantum/action_layer.o
                0x08005502                default_layer_state_set_kb
 *fill*         0x0800550a        0x2 
 .text.default_layer_state_set
                0x0800550c       0x10 .build/obj_keychron_k8_pro_ansi_rgb_k8/quantum/action_layer.o
 .text.default_layer_debug
                0x0800551c        0x2 .build/obj_keychron_k8_pro_ansi_rgb_k8/quantum/action_layer.o
                0x0800551c                default_layer_debug
 .text.default_layer_set
                0x0800551e        0x4 .build/obj_keychron_k8_pro_ansi_rgb_k8/quantum/action_layer.o
                0x0800551e                default_layer_set
 *fill*         0x08005522        0x2 
 .text.default_layer_or
                0x08005524       0x10 .build/obj_keychron_k8_pro_ansi_rgb_k8/quantum/action_layer.o
                0x08005524                default_layer_or
 .text.default_layer_and
                0x08005534       0x10 .build/obj_keychron_k8_pro_ansi_rgb_k8/quantum/action_layer.o
                0x08005534                default_layer_and
 .text.default_layer_xor
                0x08005544       0x10 .build/obj_keychron_k8_pro_ansi_rgb_k8/quantum/action_layer.o
                0x08005544                default_layer_xor
 .text.layer_state_set_user
                0x08005554        0x2 .build/obj_keychron_k8_pro_ansi_rgb_k8/quantum/action_layer.o
                0x08005554                layer_state_set_user
 .text.layer_state_set_kb
                0x08005556        0x8 .build/obj_keychron_k8_pro_ansi_rgb_k8/quantum/action_layer.o
                0x08005556                layer_state_set_kb
 *fill*         0x0800555e        0x2 
 .text.layer_state_set
                0x08005560       0x10 .build/obj_keychron_k8_pro_ansi_rgb_k8/quantum/action_layer.o
                0x08005560                layer_state_set
 .text.layer_clear
                0x08005570        0x6 .build/obj_keychron_k8_pro_ansi_rgb_k8/quantum/action_layer.o
                0x08005570                layer_clear
 .text.layer_move
                0x08005576        0xc .build/obj_keychron_k8_pro_ansi_rgb_k8/quantum/action_layer.o
                0x08005576                layer_move
 *fill*         0x08005582        0x2 
 .text.layer_on
                0x08005584       0x18 .build/obj_keychron_k8_pro_ansi_rgb_k8/quantum/action_layer.o
                0x08005584                layer_on
 .text.layer_off
                0x0800559c       0x18 .build/obj_keychron_k8_pro_ansi_rgb_k8/quantum/action_layer.o
                0x0800559c                layer_off
 .text.layer_invert
                0x080055b4       0x18 .build/obj_keychron_k8_pro_ansi_rgb_k8/quantum/action_layer.o
                0x080055b4                layer_invert
 .text.layer_or
                0x080055cc       0x10 .build/obj_keychron_k8_pro_ansi_rgb_k8/quantum/action_layer.o
                0x080055cc                layer_or
 .text.layer_and
                0x080055dc       0x10 .build/obj_keychron_k8_pro_ansi_rgb_k8/quantum/action_layer.o
                0x080055dc                layer_and
 .text.layer_xor
                0x080055ec       0x10 .build/obj_keychron_k8_pro_ansi_rgb_k8/quantum/action_layer.o
                0x080055ec                layer_xor
 .text.layer_debug
                0x080055fc        0x2 .build/obj_keychron_k8_pro_ansi_rgb_k8/quantum/action_layer.o
                0x080055fc                layer_debug
 .text.update_source_layers_cache_impl
                0x080055fe       0x32 .build/obj_keychron_k8_pro_ansi_rgb_k8/quantum/action_layer.o
                0x080055fe                update_source_layers_cache_impl
 .text.read_source_layers_cache_impl
                0x08005630       0x26 .build/obj_keychron_k8_pro_ansi_rgb_k8/quantum/action_layer.o
                0x08005630                read_source_layers_cache_impl
 *fill*         0x08005656        0x2 
 .text.update_source_layers_cache
                0x08005658       0x38 .build/obj_keychron_k8_pro_ansi_rgb_k8/quantum/action_layer.o
                0x08005658                update_source_layers_cache
 .text.read_source_layers_cache
                0x08005690       0x30 .build/obj_keychron_k8_pro_ansi_rgb_k8/quantum/action_layer.o
                0x08005690                read_source_layers_cache
 .text.layer_switch_get_layer
                0x080056c0       0x44 .build/obj_keychron_k8_pro_ansi_rgb_k8/quantum/action_layer.o
                0x080056c0                layer_switch_get_layer
 .text.layer_switch_get_action
                0x08005704       0x18 .build/obj_keychron_k8_pro_ansi_rgb_k8/quantum/action_layer.o
                0x08005704                layer_switch_get_action
 .text.store_or_get_action
                0x0800571c       0x48 .build/obj_keychron_k8_pro_ansi_rgb_k8/quantum/action_layer.o
                0x0800571c                store_or_get_action
 .text.debug_waiting_buffer
                0x08005764       0x40 .build/obj_keychron_k8_pro_ansi_rgb_k8/quantum/action_tapping.o
 .text.debug_tapping_key
                0x080057a4       0x20 .build/obj_keychron_k8_pro_ansi_rgb_k8/quantum/action_tapping.o
 .text.IS_EVENT.isra.1
                0x080057c4       0x20 .build/obj_keychron_k8_pro_ansi_rgb_k8/quantum/action_tapping.o
 .text.waiting_buffer_typed.isra.3
                0x080057e4       0x44 .build/obj_keychron_k8_pro_ansi_rgb_k8/quantum/action_tapping.o
 .text.get_tapping_term
                0x08005828        0x4 .build/obj_keychron_k8_pro_ansi_rgb_k8/quantum/action_tapping.o
                0x08005828                get_tapping_term
 .text.waiting_buffer_scan_tap
                0x0800582c       0xa0 .build/obj_keychron_k8_pro_ansi_rgb_k8/quantum/action_tapping.o
 .text.process_tapping
                0x080058cc      0x368 .build/obj_keychron_k8_pro_ansi_rgb_k8/quantum/action_tapping.o
 .text.action_tapping_process
                0x08005c34       0xd8 .build/obj_keychron_k8_pro_ansi_rgb_k8/quantum/action_tapping.o
                0x08005c34                action_tapping_process
 .text.add_key  0x08005d0c       0x10 .build/obj_keychron_k8_pro_ansi_rgb_k8/quantum/action_util.o
                0x08005d0c                add_key
 .text.del_key  0x08005d1c       0x10 .build/obj_keychron_k8_pro_ansi_rgb_k8/quantum/action_util.o
                0x08005d1c                del_key
 .text.clear_keys
                0x08005d2c        0xc .build/obj_keychron_k8_pro_ansi_rgb_k8/quantum/action_util.o
                0x08005d2c                clear_keys
 .text.get_oneshot_layer
                0x08005d38       0x10 .build/obj_keychron_k8_pro_ansi_rgb_k8/quantum/action_util.o
                0x08005d38                get_oneshot_layer
 .text.get_oneshot_layer_state
                0x08005d48       0x10 .build/obj_keychron_k8_pro_ansi_rgb_k8/quantum/action_util.o
                0x08005d48                get_oneshot_layer_state
 .text.is_oneshot_layer_active
                0x08005d58       0x14 .build/obj_keychron_k8_pro_ansi_rgb_k8/quantum/action_util.o
                0x08005d58                is_oneshot_layer_active
 .text.get_mods
                0x08005d6c        0xc .build/obj_keychron_k8_pro_ansi_rgb_k8/quantum/action_util.o
                0x08005d6c                get_mods
 .text.add_mods
                0x08005d78       0x10 .build/obj_keychron_k8_pro_ansi_rgb_k8/quantum/action_util.o
                0x08005d78                add_mods
 .text.del_mods
                0x08005d88       0x10 .build/obj_keychron_k8_pro_ansi_rgb_k8/quantum/action_util.o
                0x08005d88                del_mods
 .text.clear_mods
                0x08005d98        0xc .build/obj_keychron_k8_pro_ansi_rgb_k8/quantum/action_util.o
                0x08005d98                clear_mods
 .text.add_weak_mods
                0x08005da4       0x10 .build/obj_keychron_k8_pro_ansi_rgb_k8/quantum/action_util.o
                0x08005da4                add_weak_mods
 .text.del_weak_mods
                0x08005db4       0x10 .build/obj_keychron_k8_pro_ansi_rgb_k8/quantum/action_util.o
                0x08005db4                del_weak_mods
 .text.clear_weak_mods
                0x08005dc4        0xc .build/obj_keychron_k8_pro_ansi_rgb_k8/quantum/action_util.o
                0x08005dc4                clear_weak_mods
 .text.get_oneshot_mods
                0x08005dd0        0xc .build/obj_keychron_k8_pro_ansi_rgb_k8/quantum/action_util.o
                0x08005dd0                get_oneshot_mods
 .text.oneshot_mods_changed_user
                0x08005ddc        0x2 .build/obj_keychron_k8_pro_ansi_rgb_k8/quantum/action_util.o
                0x08005ddc                oneshot_mods_changed_user
 .text.oneshot_mods_changed_kb
                0x08005dde        0x8 .build/obj_keychron_k8_pro_ansi_rgb_k8/quantum/action_util.o
                0x08005dde                oneshot_mods_changed_kb
 *fill*         0x08005de6        0x2 
 .text.set_oneshot_mods
                0x08005de8       0x24 .build/obj_keychron_k8_pro_ansi_rgb_k8/quantum/action_util.o
                0x08005de8                set_oneshot_mods
 .text.clear_oneshot_mods
                0x08005e0c       0x18 .build/obj_keychron_k8_pro_ansi_rgb_k8/quantum/action_util.o
                0x08005e0c                clear_oneshot_mods
 .text.send_keyboard_report
                0x08005e24       0x60 .build/obj_keychron_k8_pro_ansi_rgb_k8/quantum/action_util.o
                0x08005e24                send_keyboard_report
 .text.oneshot_layer_changed_user
                0x08005e84        0x2 .build/obj_keychron_k8_pro_ansi_rgb_k8/quantum/action_util.o
                0x08005e84                oneshot_layer_changed_user
 .text.oneshot_layer_changed_kb
                0x08005e86        0x8 .build/obj_keychron_k8_pro_ansi_rgb_k8/quantum/action_util.o
                0x08005e86                oneshot_layer_changed_kb
 *fill*         0x08005e8e        0x2 
 .text.set_oneshot_layer
                0x08005e90       0x34 .build/obj_keychron_k8_pro_ansi_rgb_k8/quantum/action_util.o
                0x08005e90                set_oneshot_layer
 .text.reset_oneshot_layer
                0x08005ec4       0x14 .build/obj_keychron_k8_pro_ansi_rgb_k8/quantum/action_util.o
                0x08005ec4                reset_oneshot_layer
 .text.clear_oneshot_layer_state
                0x08005ed8       0x3c .build/obj_keychron_k8_pro_ansi_rgb_k8/quantum/action_util.o
                0x08005ed8                clear_oneshot_layer_state
 .text.oneshot_set
                0x08005f14       0x2c .build/obj_keychron_k8_pro_ansi_rgb_k8/quantum/action_util.o
                0x08005f14                oneshot_set
 .text.oneshot_toggle
                0x08005f40       0x18 .build/obj_keychron_k8_pro_ansi_rgb_k8/quantum/action_util.o
                0x08005f40                oneshot_toggle
 .text.oneshot_enable
                0x08005f58        0x6 .build/obj_keychron_k8_pro_ansi_rgb_k8/quantum/action_util.o
                0x08005f58                oneshot_enable
 .text.oneshot_disable
                0x08005f5e        0x6 .build/obj_keychron_k8_pro_ansi_rgb_k8/quantum/action_util.o
                0x08005f5e                oneshot_disable
 .text.eeconfig_disable
                0x08005f64       0x14 .build/obj_keychron_k8_pro_ansi_rgb_k8/quantum/eeconfig.o
                0x08005f64                eeconfig_disable
 .text.eeconfig_is_enabled
                0x08005f78       0x14 .build/obj_keychron_k8_pro_ansi_rgb_k8/quantum/eeconfig.o
                0x08005f78                eeconfig_is_enabled
 .text.eeconfig_read_debug
                0x08005f8c        0x6 .build/obj_keychron_k8_pro_ansi_rgb_k8/quantum/eeconfig.o
                0x08005f8c                eeconfig_read_debug
 .text.eeconfig_read_default_layer
                0x08005f92        0x6 .build/obj_keychron_k8_pro_ansi_rgb_k8/quantum/eeconfig.o
                0x08005f92                eeconfig_read_default_layer
 .text.eeconfig_read_keymap
                0x08005f98        0x6 .build/obj_keychron_k8_pro_ansi_rgb_k8/quantum/eeconfig.o
                0x08005f98                eeconfig_read_keymap
 .text.eeconfig_update_keymap
                0x08005f9e        0x8 .build/obj_keychron_k8_pro_ansi_rgb_k8/quantum/eeconfig.o
                0x08005f9e                eeconfig_update_keymap
 .text.eeconfig_update_kb
                0x08005fa6        0x8 .build/obj_keychron_k8_pro_ansi_rgb_k8/quantum/eeconfig.o
                0x08005fa6                eeconfig_update_kb
 .text.eeconfig_update_user
                0x08005fae        0x8 .build/obj_keychron_k8_pro_ansi_rgb_k8/quantum/eeconfig.o
                0x08005fae                eeconfig_update_user
 .text.eeconfig_init_user
                0x08005fb6        0x6 .build/obj_keychron_k8_pro_ansi_rgb_k8/quantum/eeconfig.o
                0x08005fb6                eeconfig_init_user
 .text.eeconfig_init_kb
                0x08005fbc        0xe .build/obj_keychron_k8_pro_ansi_rgb_k8/quantum/eeconfig.o
                0x08005fbc                eeconfig_init_kb
 *fill*         0x08005fca        0x2 
 .text.eeconfig_init_quantum
                0x08005fcc       0x84 .build/obj_keychron_k8_pro_ansi_rgb_k8/quantum/eeconfig.o
                0x08005fcc                eeconfig_init_quantum
 .text.eeconfig_init
                0x08006050        0x4 .build/obj_keychron_k8_pro_ansi_rgb_k8/quantum/eeconfig.o
                0x08006050                eeconfig_init
 .text.eeconfig_update_handedness
                0x08006054        0x8 .build/obj_keychron_k8_pro_ansi_rgb_k8/quantum/eeconfig.o
                0x08006054                eeconfig_update_handedness
 .text.generate_tick_event
                0x0800605c       0x40 .build/obj_keychron_k8_pro_ansi_rgb_k8/quantum/keyboard.o
 .text.last_matrix_activity_trigger
                0x0800609c       0x18 .build/obj_keychron_k8_pro_ansi_rgb_k8/quantum/keyboard.o
                0x0800609c                last_matrix_activity_trigger
 .text.matrix_setup
                0x080060b4        0x2 .build/obj_keychron_k8_pro_ansi_rgb_k8/quantum/keyboard.o
                0x080060b4                matrix_setup
 .text.keyboard_pre_init_user
                0x080060b6        0x2 .build/obj_keychron_k8_pro_ansi_rgb_k8/quantum/keyboard.o
                0x080060b6                keyboard_pre_init_user
 .text.keyboard_pre_init_kb
                0x080060b8        0x8 .build/obj_keychron_k8_pro_ansi_rgb_k8/quantum/keyboard.o
                0x080060b8                keyboard_pre_init_kb
 .text.keyboard_post_init_user
                0x080060c0        0x2 .build/obj_keychron_k8_pro_ansi_rgb_k8/quantum/keyboard.o
                0x080060c0                keyboard_post_init_user
 .text.matrix_can_read
                0x080060c2        0x4 .build/obj_keychron_k8_pro_ansi_rgb_k8/quantum/keyboard.o
                0x080060c2                matrix_can_read
 *fill*         0x080060c6        0x2 
 .text.keyboard_setup
                0x080060c8       0x24 .build/obj_keychron_k8_pro_ansi_rgb_k8/quantum/keyboard.o
                0x080060c8                keyboard_setup
 .text.is_keyboard_master
                0x080060ec        0x4 .build/obj_keychron_k8_pro_ansi_rgb_k8/quantum/keyboard.o
                0x080060ec                is_keyboard_master
 .text.should_process_keypress
                0x080060f0        0x8 .build/obj_keychron_k8_pro_ansi_rgb_k8/quantum/keyboard.o
                0x080060f0                should_process_keypress
 .text.housekeeping_task_user
                0x080060f8        0x2 .build/obj_keychron_k8_pro_ansi_rgb_k8/quantum/keyboard.o
                0x080060f8                housekeeping_task_user
 .text.housekeeping_task
                0x080060fa        0xc .build/obj_keychron_k8_pro_ansi_rgb_k8/quantum/keyboard.o
                0x080060fa                housekeeping_task
 .text.quantum_init
                0x08006106       0x12 .build/obj_keychron_k8_pro_ansi_rgb_k8/quantum/keyboard.o
                0x08006106                quantum_init
 .text.keyboard_init
                0x08006118       0x18 .build/obj_keychron_k8_pro_ansi_rgb_k8/quantum/keyboard.o
                0x08006118                keyboard_init
 .text.quantum_task
                0x08006130        0x6 .build/obj_keychron_k8_pro_ansi_rgb_k8/quantum/keyboard.o
                0x08006130                quantum_task
 *fill*         0x08006136        0x2 
 .text.keyboard_task
                0x08006138       0xe8 .build/obj_keychron_k8_pro_ansi_rgb_k8/quantum/keyboard.o
                0x08006138                keyboard_task
 .text.action_for_keycode
                0x08006220      0x1b4 .build/obj_keychron_k8_pro_ansi_rgb_k8/quantum/keymap_common.o
                0x08006220                action_for_keycode
 .text.keymap_key_to_keycode
                0x080063d4       0x22 .build/obj_keychron_k8_pro_ansi_rgb_k8/quantum/keymap_common.o
                0x080063d4                keymap_key_to_keycode
 .text.action_for_key
                0x080063f6       0x16 .build/obj_keychron_k8_pro_ansi_rgb_k8/quantum/keymap_common.o
                0x080063f6                action_for_key
 .text.keycode_config
                0x0800640c      0x110 .build/obj_keychron_k8_pro_ansi_rgb_k8/quantum/keycode_config.o
                0x0800640c                keycode_config
 .text.mod_config
                0x0800651c       0xac .build/obj_keychron_k8_pro_ansi_rgb_k8/quantum/keycode_config.o
                0x0800651c                mod_config
 .text.sendchar
                0x080065c8        0x4 .build/obj_keychron_k8_pro_ansi_rgb_k8/quantum/logging/sendchar.o
                0x080065c8                sendchar
 .text.null_sendchar_func
                0x080065cc        0x4 .build/obj_keychron_k8_pro_ansi_rgb_k8/quantum/logging/print.o
 .text.print_set_sendchar
                0x080065d0        0xc .build/obj_keychron_k8_pro_ansi_rgb_k8/quantum/logging/print.o
                0x080065d0                print_set_sendchar
 .text.bootmagic_lite_reset_eeprom
                0x080065dc        0x4 .build/obj_keychron_k8_pro_ansi_rgb_k8/quantum/bootmagic/bootmagic_lite.o
                0x080065dc                bootmagic_lite_reset_eeprom
 .text.bootmagic_lite
                0x080065e0       0x2a .build/obj_keychron_k8_pro_ansi_rgb_k8/quantum/bootmagic/bootmagic_lite.o
                0x080065e0                bootmagic_lite
 .text.bootmagic
                0x0800660a        0x8 .build/obj_keychron_k8_pro_ansi_rgb_k8/quantum/bootmagic/bootmagic_lite.o
                0x0800660a                bootmagic
 *fill*         0x08006612        0x2 
 .text.magic    0x08006614       0x44 .build/obj_keychron_k8_pro_ansi_rgb_k8/quantum/bootmagic/magic.o
                0x08006614                magic
 .text.matrix_init_user
                0x08006658        0x2 .build/obj_keychron_k8_pro_ansi_rgb_k8/quantum/matrix_common.o
                0x08006658                matrix_init_user
 .text.matrix_init_kb
                0x0800665a        0x8 .build/obj_keychron_k8_pro_ansi_rgb_k8/quantum/matrix_common.o
                0x0800665a                matrix_init_kb
 .text.matrix_scan_user
                0x08006662        0x2 .build/obj_keychron_k8_pro_ansi_rgb_k8/quantum/matrix_common.o
                0x08006662                matrix_scan_user
 .text.matrix_get_row
                0x08006664        0xc .build/obj_keychron_k8_pro_ansi_rgb_k8/quantum/matrix_common.o
                0x08006664                matrix_get_row
 .text.matrix_print
                0x08006670        0x2 .build/obj_keychron_k8_pro_ansi_rgb_k8/quantum/matrix_common.o
                0x08006670                matrix_print
 *fill*         0x08006672        0x2 
 .text.matrix_init
                0x08006674       0x34 .build/obj_keychron_k8_pro_ansi_rgb_k8/quantum/matrix_common.o
                0x08006674                matrix_init
 .text.matrix_scan
                0x080066a8       0x28 .build/obj_keychron_k8_pro_ansi_rgb_k8/quantum/matrix_common.o
                0x080066a8                matrix_scan
 .text.debounce_init
                0x080066d0        0x2 .build/obj_keychron_k8_pro_ansi_rgb_k8/quantum/debounce/sym_defer_g.o
                0x080066d0                debounce_init
 *fill*         0x080066d2        0x2 
 .text.debounce
                0x080066d4       0x5c .build/obj_keychron_k8_pro_ansi_rgb_k8/quantum/debounce/sym_defer_g.o
                0x080066d4                debounce
 .text.debounce_free
                0x08006730        0x2 .build/obj_keychron_k8_pro_ansi_rgb_k8/quantum/debounce/sym_defer_g.o
                0x08006730                debounce_free
 .text.protocol_init
                0x08006732       0x12 .build/obj_keychron_k8_pro_ansi_rgb_k8/quantum/main.o
                0x08006732                protocol_init
 .text.protocol_task
                0x08006744       0x12 .build/obj_keychron_k8_pro_ansi_rgb_k8/quantum/main.o
                0x08006744                protocol_task
 .text.startup.main
                0x08006756       0x1c .build/obj_keychron_k8_pro_ansi_rgb_k8/quantum/main.o
                0x08006756                main
 *fill*         0x08006772        0x2 
 .text.move_unit
                0x08006774       0x6c .build/obj_keychron_k8_pro_ansi_rgb_k8/quantum/mousekey.o
 .text.wheel_unit
                0x080067e0       0x68 .build/obj_keychron_k8_pro_ansi_rgb_k8/quantum/mousekey.o
 .text.mousekey_on
                0x08006848       0xbc .build/obj_keychron_k8_pro_ansi_rgb_k8/quantum/mousekey.o
                0x08006848                mousekey_on
 .text.mousekey_off
                0x08006904       0xec .build/obj_keychron_k8_pro_ansi_rgb_k8/quantum/mousekey.o
                0x08006904                mousekey_off
 .text.mousekey_send
                0x080069f0       0x38 .build/obj_keychron_k8_pro_ansi_rgb_k8/quantum/mousekey.o
                0x080069f0                mousekey_send
 .text.mousekey_clear
                0x08006a28       0x2c .build/obj_keychron_k8_pro_ansi_rgb_k8/quantum/mousekey.o
                0x08006a28                mousekey_clear
 .text.should_mousekey_report_send
                0x08006a54       0x22 .build/obj_keychron_k8_pro_ansi_rgb_k8/quantum/mousekey.o
                0x08006a54                should_mousekey_report_send
 *fill*         0x08006a76        0x2 
 .text.mousekey_task
                0x08006a78      0x184 .build/obj_keychron_k8_pro_ansi_rgb_k8/quantum/mousekey.o
                0x08006a78                mousekey_task
 .text.eeprom_read_byte
                0x08006bfc       0x1e .build/obj_keychron_k8_pro_ansi_rgb_k8/eeprom_driver.o
                0x08006bfc                eeprom_read_byte
 .text.eeprom_read_word
                0x08006c1a       0x1e .build/obj_keychron_k8_pro_ansi_rgb_k8/eeprom_driver.o
                0x08006c1a                eeprom_read_word
 .text.eeprom_read_dword
                0x08006c38       0x1a .build/obj_keychron_k8_pro_ansi_rgb_k8/eeprom_driver.o
                0x08006c38                eeprom_read_dword
 .text.eeprom_write_byte
                0x08006c52       0x18 .build/obj_keychron_k8_pro_ansi_rgb_k8/eeprom_driver.o
                0x08006c52                eeprom_write_byte
 .text.eeprom_write_word
                0x08006c6a       0x18 .build/obj_keychron_k8_pro_ansi_rgb_k8/eeprom_driver.o
                0x08006c6a                eeprom_write_word
 .text.eeprom_write_dword
                0x08006c82       0x16 .build/obj_keychron_k8_pro_ansi_rgb_k8/eeprom_driver.o
                0x08006c82                eeprom_write_dword
 .text.eeprom_update_block
                0x08006c98       0x34 .build/obj_keychron_k8_pro_ansi_rgb_k8/eeprom_driver.o
                0x08006c98                eeprom_update_block
 .text.eeprom_update_byte
                0x08006ccc       0x1c .build/obj_keychron_k8_pro_ansi_rgb_k8/eeprom_driver.o
                0x08006ccc                eeprom_update_byte
 .text.eeprom_update_word
                0x08006ce8       0x1c .build/obj_keychron_k8_pro_ansi_rgb_k8/eeprom_driver.o
                0x08006ce8                eeprom_update_word
 .text.eeprom_update_dword
                0x08006d04       0x1c .build/obj_keychron_k8_pro_ansi_rgb_k8/eeprom_driver.o
                0x08006d04                eeprom_update_dword
 .text.eeprom_clear
                0x08006d20       0x40 .build/obj_keychron_k8_pro_ansi_rgb_k8/platforms/chibios/eeprom_stm32_l4.o
 .text.eeprom_write_direct_entry
                0x08006d60       0x58 .build/obj_keychron_k8_pro_ansi_rgb_k8/platforms/chibios/eeprom_stm32_l4.o
 .text.eeprom_compact
                0x08006db8       0x48 .build/obj_keychron_k8_pro_ansi_rgb_k8/platforms/chibios/eeprom_stm32_l4.o
 .text.blank_check
                0x08006e00       0x36 .build/obj_keychron_k8_pro_ansi_rgb_k8/platforms/chibios/eeprom_stm32_l4.o
 *fill*         0x08006e36        0x2 
 .text.EEPROM_Init
                0x08006e38       0x84 .build/obj_keychron_k8_pro_ansi_rgb_k8/platforms/chibios/eeprom_stm32_l4.o
                0x08006e38                EEPROM_Init
 .text.EEPROM_Erase
                0x08006ebc        0xe .build/obj_keychron_k8_pro_ansi_rgb_k8/platforms/chibios/eeprom_stm32_l4.o
                0x08006ebc                EEPROM_Erase
 *fill*         0x08006eca        0x2 
 .text.EEPROM_WriteDataByte
                0x08006ecc       0x68 .build/obj_keychron_k8_pro_ansi_rgb_k8/platforms/chibios/eeprom_stm32_l4.o
                0x08006ecc                EEPROM_WriteDataByte
 .text.EEPROM_WriteDataWord
                0x08006f34       0x6c .build/obj_keychron_k8_pro_ansi_rgb_k8/platforms/chibios/eeprom_stm32_l4.o
                0x08006f34                EEPROM_WriteDataWord
 .text.EEPROM_WriteDataDWord
                0x08006fa0       0x6c .build/obj_keychron_k8_pro_ansi_rgb_k8/platforms/chibios/eeprom_stm32_l4.o
                0x08006fa0                EEPROM_WriteDataDWord
 .text.EEPROM_ReadDataByte
                0x0800700c       0x14 .build/obj_keychron_k8_pro_ansi_rgb_k8/platforms/chibios/eeprom_stm32_l4.o
                0x0800700c                EEPROM_ReadDataByte
 .text.EEPROM_ReadDataWord
                0x08007020       0x28 .build/obj_keychron_k8_pro_ansi_rgb_k8/platforms/chibios/eeprom_stm32_l4.o
                0x08007020                EEPROM_ReadDataWord
 .text.eeprom_driver_init
                0x08007048        0x4 .build/obj_keychron_k8_pro_ansi_rgb_k8/platforms/chibios/eeprom_stm32_l4.o
                0x08007048                eeprom_driver_init
 .text.eeprom_driver_erase
                0x0800704c        0x4 .build/obj_keychron_k8_pro_ansi_rgb_k8/platforms/chibios/eeprom_stm32_l4.o
                0x0800704c                eeprom_driver_erase
 .text.eeprom_read_block
                0x08007050       0x6c .build/obj_keychron_k8_pro_ansi_rgb_k8/platforms/chibios/eeprom_stm32_l4.o
                0x08007050                eeprom_read_block
 .text.eeprom_write_block
                0x080070bc       0x62 .build/obj_keychron_k8_pro_ansi_rgb_k8/platforms/chibios/eeprom_stm32_l4.o
                0x080070bc                eeprom_write_block
 *fill*         0x0800711e        0x2 
 .text.NMI_Handler
                0x08007120       0x20 .build/obj_keychron_k8_pro_ansi_rgb_k8/platforms/chibios/eeprom_stm32_l4.o
                0x08007120                NMI_Handler
 .text.FLASH_GetStatus
                0x08007140       0x34 .build/obj_keychron_k8_pro_ansi_rgb_k8/platforms/chibios/flash_stm32.o
                0x08007140                FLASH_GetStatus
 .text.FLASH_WaitForLastOperation
                0x08007174       0x38 .build/obj_keychron_k8_pro_ansi_rgb_k8/platforms/chibios/flash_stm32.o
                0x08007174                FLASH_WaitForLastOperation
 .text.FLASH_ErasePage
                0x080071ac       0x58 .build/obj_keychron_k8_pro_ansi_rgb_k8/platforms/chibios/flash_stm32.o
                0x080071ac                FLASH_ErasePage
 .text.FLASH_ProgramDoubleWord
                0x08007204       0x74 .build/obj_keychron_k8_pro_ansi_rgb_k8/platforms/chibios/flash_stm32.o
                0x08007204                FLASH_ProgramDoubleWord
 .text.FLASH_Unlock